Component: Arm Compiler for Embedded 6.24 Tool: armlink [5f371500]

==============================================================================

Section Cross References

    stm32f4xx_hal.o(.text.HAL_Init) refers to stm32f4xx_hal_cortex.o(.text.HAL_NVIC_SetPriorityGrouping) for HAL_NVIC_SetPriorityGrouping
    stm32f4xx_hal.o(.text.HAL_Init) refers to stm32f4xx_hal.o(.text.HAL_InitTick) for HAL_InitTick
    stm32f4xx_hal.o(.text.HAL_Init) refers to stm32f4xx_hal.o(.text.HAL_MspInit) for HAL_MspInit
    stm32f4xx_hal.o(.ARM.exidx.text.HAL_Init) refers to stm32f4xx_hal.o(.text.HAL_Init) for [Anonymous Symbol]
    stm32f4xx_hal.o(.text.HAL_InitTick) refers to stm32f4xx_hal.o(.data.uwTickFreq) for uwTickFreq
    stm32f4xx_hal.o(.text.HAL_InitTick) refers to system_stm32f4xx.o(.data.SystemCoreClock) for SystemCoreClock
    stm32f4xx_hal.o(.text.HAL_InitTick) refers to stm32f4xx_hal_cortex.o(.text.HAL_SYSTICK_Config) for HAL_SYSTICK_Config
    stm32f4xx_hal.o(.text.HAL_InitTick) refers to stm32f4xx_hal_cortex.o(.text.HAL_NVIC_SetPriority) for HAL_NVIC_SetPriority
    stm32f4xx_hal.o(.text.HAL_InitTick) refers to stm32f4xx_hal.o(.data.uwTickPrio) for uwTickPrio
    stm32f4xx_hal.o(.ARM.exidx.text.HAL_InitTick) refers to stm32f4xx_hal.o(.text.HAL_InitTick) for [Anonymous Symbol]
    stm32f4xx_hal.o(.ARM.exidx.text.HAL_MspInit) refers to stm32f4xx_hal.o(.text.HAL_MspInit) for [Anonymous Symbol]
    stm32f4xx_hal.o(.text.HAL_DeInit) refers to stm32f4xx_hal.o(.text.HAL_MspDeInit) for HAL_MspDeInit
    stm32f4xx_hal.o(.ARM.exidx.text.HAL_DeInit) refers to stm32f4xx_hal.o(.text.HAL_DeInit) for [Anonymous Symbol]
    stm32f4xx_hal.o(.ARM.exidx.text.HAL_MspDeInit) refers to stm32f4xx_hal.o(.text.HAL_MspDeInit) for [Anonymous Symbol]
    stm32f4xx_hal.o(.text.HAL_IncTick) refers to stm32f4xx_hal.o(.data.uwTickFreq) for uwTickFreq
    stm32f4xx_hal.o(.text.HAL_IncTick) refers to stm32f4xx_hal.o(.bss.uwTick) for uwTick
    stm32f4xx_hal.o(.ARM.exidx.text.HAL_IncTick) refers to stm32f4xx_hal.o(.text.HAL_IncTick) for [Anonymous Symbol]
    stm32f4xx_hal.o(.text.HAL_GetTick) refers to stm32f4xx_hal.o(.bss.uwTick) for uwTick
    stm32f4xx_hal.o(.ARM.exidx.text.HAL_GetTick) refers to stm32f4xx_hal.o(.text.HAL_GetTick) for [Anonymous Symbol]
    stm32f4xx_hal.o(.text.HAL_GetTickPrio) refers to stm32f4xx_hal.o(.data.uwTickPrio) for uwTickPrio
    stm32f4xx_hal.o(.ARM.exidx.text.HAL_GetTickPrio) refers to stm32f4xx_hal.o(.text.HAL_GetTickPrio) for [Anonymous Symbol]
    stm32f4xx_hal.o(.text.HAL_SetTickFreq) refers to stm32f4xx_hal.o(.data.uwTickFreq) for uwTickFreq
    stm32f4xx_hal.o(.text.HAL_SetTickFreq) refers to stm32f4xx_hal.o(.data.uwTickPrio) for uwTickPrio
    stm32f4xx_hal.o(.text.HAL_SetTickFreq) refers to stm32f4xx_hal.o(.text.HAL_InitTick) for HAL_InitTick
    stm32f4xx_hal.o(.ARM.exidx.text.HAL_SetTickFreq) refers to stm32f4xx_hal.o(.text.HAL_SetTickFreq) for [Anonymous Symbol]
    stm32f4xx_hal.o(.text.HAL_GetTickFreq) refers to stm32f4xx_hal.o(.data.uwTickFreq) for uwTickFreq
    stm32f4xx_hal.o(.ARM.exidx.text.HAL_GetTickFreq) refers to stm32f4xx_hal.o(.text.HAL_GetTickFreq) for [Anonymous Symbol]
    stm32f4xx_hal.o(.text.HAL_Delay) refers to stm32f4xx_hal.o(.text.HAL_GetTick) for HAL_GetTick
    stm32f4xx_hal.o(.text.HAL_Delay) refers to stm32f4xx_hal.o(.data.uwTickFreq) for uwTickFreq
    stm32f4xx_hal.o(.ARM.exidx.text.HAL_Delay) refers to stm32f4xx_hal.o(.text.HAL_Delay) for [Anonymous Symbol]
    stm32f4xx_hal.o(.ARM.exidx.text.HAL_SuspendTick) refers to stm32f4xx_hal.o(.text.HAL_SuspendTick) for [Anonymous Symbol]
    stm32f4xx_hal.o(.ARM.exidx.text.HAL_ResumeTick) refers to stm32f4xx_hal.o(.text.HAL_ResumeTick) for [Anonymous Symbol]
    stm32f4xx_hal.o(.ARM.exidx.text.HAL_GetHalVersion) refers to stm32f4xx_hal.o(.text.HAL_GetHalVersion) for [Anonymous Symbol]
    stm32f4xx_hal.o(.ARM.exidx.text.HAL_GetREVID) refers to stm32f4xx_hal.o(.text.HAL_GetREVID) for [Anonymous Symbol]
    stm32f4xx_hal.o(.ARM.exidx.text.HAL_GetDEVID) refers to stm32f4xx_hal.o(.text.HAL_GetDEVID) for [Anonymous Symbol]
    stm32f4xx_hal.o(.ARM.exidx.text.HAL_DBGMCU_EnableDBGSleepMode) refers to stm32f4xx_hal.o(.text.HAL_DBGMCU_EnableDBGSleepMode) for [Anonymous Symbol]
    stm32f4xx_hal.o(.ARM.exidx.text.HAL_DBGMCU_DisableDBGSleepMode) refers to stm32f4xx_hal.o(.text.HAL_DBGMCU_DisableDBGSleepMode) for [Anonymous Symbol]
    stm32f4xx_hal.o(.ARM.exidx.text.HAL_DBGMCU_EnableDBGStopMode) refers to stm32f4xx_hal.o(.text.HAL_DBGMCU_EnableDBGStopMode) for [Anonymous Symbol]
    stm32f4xx_hal.o(.ARM.exidx.text.HAL_DBGMCU_DisableDBGStopMode) refers to stm32f4xx_hal.o(.text.HAL_DBGMCU_DisableDBGStopMode) for [Anonymous Symbol]
    stm32f4xx_hal.o(.ARM.exidx.text.HAL_DBGMCU_EnableDBGStandbyMode) refers to stm32f4xx_hal.o(.text.HAL_DBGMCU_EnableDBGStandbyMode) for [Anonymous Symbol]
[...]
    Removing stm32f4xx_hal_spi.o(.ARM.exidx.text.SPI_EndRxTxTransaction), (8 bytes).
    Removing stm32f4xx_hal_spi.o(.text.HAL_SPI_Receive), (510 bytes).
    Removing stm32f4xx_hal_spi.o(.ARM.exidx.text.HAL_SPI_Receive), (8 bytes).
    Removing stm32f4xx_hal_spi.o(.text.HAL_SPI_TransmitReceive), (700 bytes).
    Removing stm32f4xx_hal_spi.o(.ARM.exidx.text.HAL_SPI_TransmitReceive), (8 bytes).
    Removing stm32f4xx_hal_spi.o(.text.SPI_WaitFlagStateUntilTimeout), (224 bytes).
    Removing stm32f4xx_hal_spi.o(.ARM.exidx.text.SPI_WaitFlagStateUntilTimeout), (8 bytes).
    Removing stm32f4xx_hal_spi.o(.text.SPI_EndRxTransaction), (94 bytes).
    Removing stm32f4xx_hal_spi.o(.ARM.exidx.text.SPI_EndRxTransaction), (8 bytes).
    Removing stm32f4xx_hal_spi.o(.text.HAL_SPI_Transmit_IT), (182 bytes).
    Removing stm32f4xx_hal_spi.o(.ARM.exidx.text.HAL_SPI_Transmit_IT), (8 bytes).
    Removing stm32f4xx_hal_spi.o(.text.SPI_TxISR_16BIT), (50 bytes).
    Removing stm32f4xx_hal_spi.o(.ARM.exidx.text.SPI_TxISR_16BIT), (8 bytes).
    Removing stm32f4xx_hal_spi.o(.text.SPI_TxISR_8BIT), (54 bytes).
    Removing stm32f4xx_hal_spi.o(.ARM.exidx.text.SPI_TxISR_8BIT), (8 bytes).
    Removing stm32f4xx_hal_spi.o(.text.HAL_SPI_Receive_IT), (222 bytes).
    Removing stm32f4xx_hal_spi.o(.ARM.exidx.text.HAL_SPI_Receive_IT), (8 bytes).
    Removing stm32f4xx_hal_spi.o(.text.HAL_SPI_TransmitReceive_IT), (234 bytes).
    Removing stm32f4xx_hal_spi.o(.ARM.exidx.text.HAL_SPI_TransmitReceive_IT), (8 bytes).
    Removing stm32f4xx_hal_spi.o(.text.SPI_RxISR_16BIT), (72 bytes).
    Removing stm32f4xx_hal_spi.o(.ARM.exidx.text.SPI_RxISR_16BIT), (8 bytes).
    Removing stm32f4xx_hal_spi.o(.text.SPI_RxISR_8BIT), (76 bytes).
    Removing stm32f4xx_hal_spi.o(.ARM.exidx.text.SPI_RxISR_8BIT), (8 bytes).
    Removing stm32f4xx_hal_spi.o(.text.SPI_2linesRxISR_16BIT), (66 bytes).
    Removing stm32f4xx_hal_spi.o(.ARM.exidx.text.SPI_2linesRxISR_16BIT), (8 bytes).
    Removing stm32f4xx_hal_spi.o(.text.SPI_2linesTxISR_16BIT), (72 bytes).
    Removing stm32f4xx_hal_spi.o(.ARM.exidx.text.SPI_2linesTxISR_16BIT), (8 bytes).
    Removing stm32f4xx_hal_spi.o(.text.SPI_2linesRxISR_8BIT), (70 bytes).
    Removing stm32f4xx_hal_spi.o(.ARM.exidx.text.SPI_2linesRxISR_8BIT), (8 bytes).
    Removing stm32f4xx_hal_spi.o(.text.SPI_2linesTxISR_8BIT), (76 bytes).
    Removing stm32f4xx_hal_spi.o(.ARM.exidx.text.SPI_2linesTxISR_8BIT), (8 bytes).
    Removing stm32f4xx_hal_spi.o(.text.HAL_SPI_Transmit_DMA), (240 bytes).
    Removing stm32f4xx_hal_spi.o(.ARM.exidx.text.HAL_SPI_Transmit_DMA), (8 bytes).
    Removing stm32f4xx_hal_spi.o(.text.SPI_DMAHalfTransmitCplt), (6 bytes).
    Removing stm32f4xx_hal_spi.o(.ARM.exidx.text.SPI_DMAHalfTransmitCplt), (8 bytes).
    Removing stm32f4xx_hal_spi.o(.text.SPI_DMATransmitCplt), (214 bytes).
    Removing stm32f4xx_hal_spi.o(.ARM.exidx.text.SPI_DMATransmitCplt), (8 bytes).
    Removing stm32f4xx_hal_spi.o(.text.SPI_DMAError), (30 bytes).
    Removing stm32f4xx_hal_spi.o(.ARM.exidx.text.SPI_DMAError), (8 bytes).
    Removing stm32f4xx_hal_spi.o(.text.HAL_SPI_Receive_DMA), (262 bytes).
    Removing stm32f4xx_hal_spi.o(.ARM.exidx.text.HAL_SPI_Receive_DMA), (8 bytes).
    Removing stm32f4xx_hal_spi.o(.text.HAL_SPI_TransmitReceive_DMA), (328 bytes).
    Removing stm32f4xx_hal_spi.o(.ARM.exidx.text.HAL_SPI_TransmitReceive_DMA), (8 bytes).
    Removing stm32f4xx_hal_spi.o(.text.SPI_DMAHalfReceiveCplt), (6 bytes).
    Removing stm32f4xx_hal_spi.o(.ARM.exidx.text.SPI_DMAHalfReceiveCplt), (8 bytes).
    Removing stm32f4xx_hal_spi.o(.text.SPI_DMAReceiveCplt), (184 bytes).
    Removing stm32f4xx_hal_spi.o(.ARM.exidx.text.SPI_DMAReceiveCplt), (8 bytes).
    Removing stm32f4xx_hal_spi.o(.text.SPI_DMAHalfTransmitReceiveCplt), (6 bytes).
    Removing stm32f4xx_hal_spi.o(.ARM.exidx.text.SPI_DMAHalfTransmitReceiveCplt), (8 bytes).
    Removing stm32f4xx_hal_spi.o(.text.SPI_DMATransmitReceiveCplt), (262 bytes).
    Removing stm32f4xx_hal_spi.o(.ARM.exidx.text.SPI_DMATransmitReceiveCplt), (8 bytes).
    Removing stm32f4xx_hal_spi.o(.text.HAL_SPI_Abort), (310 bytes).
    Removing stm32f4xx_hal_spi.o(.ARM.exidx.text.HAL_SPI_Abort), (8 bytes).
    Removing stm32f4xx_hal_spi.o(.text.SPI_AbortTx_ISR), (26 bytes).
    Removing stm32f4xx_hal_spi.o(.ARM.exidx.text.SPI_AbortTx_ISR), (8 bytes).
    Removing stm32f4xx_hal_spi.o(.text.SPI_AbortRx_ISR), (98 bytes).
    Removing stm32f4xx_hal_spi.o(.ARM.exidx.text.SPI_AbortRx_ISR), (8 bytes).
    Removing stm32f4xx_hal_spi.o(.text.HAL_SPI_Abort_IT), (338 bytes).
    Removing stm32f4xx_hal_spi.o(.ARM.exidx.text.HAL_SPI_Abort_IT), (8 bytes).
    Removing stm32f4xx_hal_spi.o(.text.SPI_DMATxAbortCallback), (142 bytes).
    Removing stm32f4xx_hal_spi.o(.ARM.exidx.text.SPI_DMATxAbortCallback), (8 bytes).
    Removing stm32f4xx_hal_spi.o(.text.SPI_DMARxAbortCallback), (222 bytes).
    Removing stm32f4xx_hal_spi.o(.ARM.exidx.text.SPI_DMARxAbortCallback), (8 bytes).
    Removing stm32f4xx_hal_spi.o(.text.HAL_SPI_AbortCpltCallback), (2 bytes).
    Removing stm32f4xx_hal_spi.o(.ARM.exidx.text.HAL_SPI_AbortCpltCallback), (8 bytes).
    Removing stm32f4xx_hal_spi.o(.text.HAL_SPI_DMAPause), (32 bytes).
    Removing stm32f4xx_hal_spi.o(.ARM.exidx.text.HAL_SPI_DMAPause), (8 bytes).
    Removing stm32f4xx_hal_spi.o(.text.HAL_SPI_DMAResume), (32 bytes).
    Removing stm32f4xx_hal_spi.o(.ARM.exidx.text.HAL_SPI_DMAResume), (8 bytes).
    Removing stm32f4xx_hal_spi.o(.text.HAL_SPI_DMAStop), (68 bytes).
    Removing stm32f4xx_hal_spi.o(.ARM.exidx.text.HAL_SPI_DMAStop), (8 bytes).
    Removing stm32f4xx_hal_spi.o(.text.HAL_SPI_IRQHandler), (280 bytes).
    Removing stm32f4xx_hal_spi.o(.ARM.exidx.text.HAL_SPI_IRQHandler), (8 bytes).
    Removing stm32f4xx_hal_spi.o(.text.SPI_DMAAbortOnError), (12 bytes).
    Removing stm32f4xx_hal_spi.o(.ARM.exidx.text.SPI_DMAAbortOnError), (8 bytes).
    Removing stm32f4xx_hal_spi.o(.text.HAL_SPI_ErrorCallback), (2 bytes).
    Removing stm32f4xx_hal_spi.o(.ARM.exidx.text.HAL_SPI_ErrorCallback), (8 bytes).
    Removing stm32f4xx_hal_spi.o(.text.HAL_SPI_TxCpltCallback), (2 bytes).
    Removing stm32f4xx_hal_spi.o(.ARM.exidx.text.HAL_SPI_TxCpltCallback), (8 bytes).
    Removing stm32f4xx_hal_spi.o(.text.HAL_SPI_RxCpltCallback), (2 bytes).
    Removing stm32f4xx_hal_spi.o(.ARM.exidx.text.HAL_SPI_RxCpltCallback), (8 bytes).
    Removing stm32f4xx_hal_spi.o(.text.HAL_SPI_TxRxCpltCallback), (2 bytes).
    Removing stm32f4xx_hal_spi.o(.ARM.exidx.text.HAL_SPI_TxRxCpltCallback), (8 bytes).
    Removing stm32f4xx_hal_spi.o(.text.HAL_SPI_TxHalfCpltCallback), (2 bytes).
    Removing stm32f4xx_hal_spi.o(.ARM.exidx.text.HAL_SPI_TxHalfCpltCallback), (8 bytes).
    Removing stm32f4xx_hal_spi.o(.text.HAL_SPI_RxHalfCpltCallback), (2 bytes).
    Removing stm32f4xx_hal_spi.o(.ARM.exidx.text.HAL_SPI_RxHalfCpltCallback), (8 bytes).
    Removing stm32f4xx_hal_spi.o(.text.HAL_SPI_TxRxHalfCpltCallback), (2 bytes).
    Removing stm32f4xx_hal_spi.o(.ARM.exidx.text.HAL_SPI_TxRxHalfCpltCallback), (8 bytes).
    Removing stm32f4xx_hal_spi.o(.text.HAL_SPI_GetState), (6 bytes).
    Removing stm32f4xx_hal_spi.o(.ARM.exidx.text.HAL_SPI_GetState), (8 bytes).
    Removing stm32f4xx_hal_spi.o(.text.HAL_SPI_GetError), (4 bytes).
    Removing stm32f4xx_hal_spi.o(.ARM.exidx.text.HAL_SPI_GetError), (8 bytes).
    Removing stm32f4xx_hal_spi.o(.text.SPI_2linesRxISR_8BITCRC), (42 bytes).
    Removing stm32f4xx_hal_spi.o(.ARM.exidx.text.SPI_2linesRxISR_8BITCRC), (8 bytes).
    Removing stm32f4xx_hal_spi.o(.text.SPI_CloseRxTx_ISR), (294 bytes).
    Removing stm32f4xx_hal_spi.o(.ARM.exidx.text.SPI_CloseRxTx_ISR), (8 bytes).
    Removing stm32f4xx_hal_spi.o(.text.SPI_2linesRxISR_16BITCRC), (28 bytes).
    Removing stm32f4xx_hal_spi.o(.ARM.exidx.text.SPI_2linesRxISR_16BITCRC), (8 bytes).
    Removing stm32f4xx_hal_spi.o(.text.SPI_RxISR_8BITCRC), (26 bytes).
    Removing stm32f4xx_hal_spi.o(.ARM.exidx.text.SPI_RxISR_8BITCRC), (8 bytes).
    Removing stm32f4xx_hal_spi.o(.text.SPI_CloseRx_ISR), (118 bytes).
    Removing stm32f4xx_hal_spi.o(.ARM.exidx.text.SPI_CloseRx_ISR), (8 bytes).
    Removing stm32f4xx_hal_spi.o(.text.SPI_RxISR_16BITCRC), (28 bytes).
    Removing stm32f4xx_hal_spi.o(.ARM.exidx.text.SPI_RxISR_16BITCRC), (8 bytes).
    Removing stm32f4xx_hal_spi.o(.text.SPI_CloseTx_ISR), (242 bytes).
    Removing stm32f4xx_hal_spi.o(.ARM.exidx.text.SPI_CloseTx_ISR), (8 bytes).
    Removing stm32f4xx_hal_sram.o(.text), (0 bytes).
    Removing stm32f4xx_hal_tim.o(.text), (0 bytes).
    Removing stm32f4xx_hal_tim_ex.o(.text), (0 bytes).
    Removing stm32f4xx_hal_uart.o(.text), (0 bytes).
    Removing stm32f4xx_hal_uart.o(.text.HAL_UART_Init), (96 bytes).
    Removing stm32f4xx_hal_uart.o(.ARM.exidx.text.HAL_UART_Init), (8 bytes).
    Removing stm32f4xx_hal_uart.o(.text.HAL_UART_MspInit), (2 bytes).
    Removing stm32f4xx_hal_uart.o(.ARM.exidx.text.HAL_UART_MspInit), (8 bytes).
    Removing stm32f4xx_hal_uart.o(.text.UART_SetConfig), (222 bytes).
    Removing stm32f4xx_hal_uart.o(.ARM.exidx.text.UART_SetConfig), (8 bytes).
    Removing stm32f4xx_hal_uart.o(.text.HAL_HalfDuplex_Init), (104 bytes).
    Removing stm32f4xx_hal_uart.o(.ARM.exidx.text.HAL_HalfDuplex_Init), (8 bytes).
    Removing stm32f4xx_hal_uart.o(.text.HAL_LIN_Init), (120 bytes).
    Removing stm32f4xx_hal_uart.o(.ARM.exidx.text.HAL_LIN_Init), (8 bytes).
    Removing stm32f4xx_hal_uart.o(.text.HAL_MultiProcessor_Init), (128 bytes).
    Removing stm32f4xx_hal_uart.o(.ARM.exidx.text.HAL_MultiProcessor_Init), (8 bytes).
    Removing stm32f4xx_hal_uart.o(.text.HAL_UART_DeInit), (54 bytes).
    Removing stm32f4xx_hal_uart.o(.ARM.exidx.text.HAL_UART_DeInit), (8 bytes).
    Removing stm32f4xx_hal_uart.o(.text.HAL_UART_MspDeInit), (2 bytes).
    Removing stm32f4xx_hal_uart.o(.ARM.exidx.text.HAL_UART_MspDeInit), (8 bytes).
    Removing stm32f4xx_hal_uart.o(.text.HAL_UART_Transmit), (244 bytes).
    Removing stm32f4xx_hal_uart.o(.ARM.exidx.text.HAL_UART_Transmit), (8 bytes).
    Removing stm32f4xx_hal_uart.o(.text.HAL_UART_Receive), (340 bytes).
    Removing stm32f4xx_hal_uart.o(.ARM.exidx.text.HAL_UART_Receive), (8 bytes).
    Removing stm32f4xx_hal_uart.o(.text.HAL_UART_Transmit_IT), (60 bytes).
    Removing stm32f4xx_hal_uart.o(.ARM.exidx.text.HAL_UART_Transmit_IT), (8 bytes).
    Removing stm32f4xx_hal_uart.o(.text.HAL_UART_Receive_IT), (84 bytes).
    Removing stm32f4xx_hal_uart.o(.ARM.exidx.text.HAL_UART_Receive_IT), (8 bytes).
    Removing stm32f4xx_hal_uart.o(.text.UART_Start_Receive_IT), (52 bytes).
    Removing stm32f4xx_hal_uart.o(.ARM.exidx.text.UART_Start_Receive_IT), (8 bytes).
    Removing stm32f4xx_hal_uart.o(.text.HAL_UART_Transmit_DMA), (146 bytes).
    Removing stm32f4xx_hal_uart.o(.ARM.exidx.text.HAL_UART_Transmit_DMA), (8 bytes).
    Removing stm32f4xx_hal_uart.o(.text.UART_DMATransmitCplt), (62 bytes).
    Removing stm32f4xx_hal_uart.o(.ARM.exidx.text.UART_DMATransmitCplt), (8 bytes).
    Removing stm32f4xx_hal_uart.o(.text.UART_DMATxHalfCplt), (6 bytes).
    Removing stm32f4xx_hal_uart.o(.ARM.exidx.text.UART_DMATxHalfCplt), (8 bytes).
    Removing stm32f4xx_hal_uart.o(.text.UART_DMAError), (162 bytes).
    Removing stm32f4xx_hal_uart.o(.ARM.exidx.text.UART_DMAError), (8 bytes).
    Removing stm32f4xx_hal_uart.o(.text.HAL_UART_Receive_DMA), (36 bytes).
    Removing stm32f4xx_hal_uart.o(.ARM.exidx.text.HAL_UART_Receive_DMA), (8 bytes).
    Removing stm32f4xx_hal_uart.o(.text.UART_Start_Receive_DMA), (170 bytes).
    Removing stm32f4xx_hal_uart.o(.ARM.exidx.text.UART_Start_Receive_DMA), (8 bytes).
    Removing stm32f4xx_hal_uart.o(.text.HAL_UART_DMAPause), (124 bytes).
    Removing stm32f4xx_hal_uart.o(.ARM.exidx.text.HAL_UART_DMAPause), (8 bytes).
    Removing stm32f4xx_hal_uart.o(.text.HAL_UART_DMAResume), (126 bytes).
    Removing stm32f4xx_hal_uart.o(.ARM.exidx.text.HAL_UART_DMAResume), (8 bytes).
    Removing stm32f4xx_hal_uart.o(.text.HAL_UART_DMAStop), (214 bytes).
    Removing stm32f4xx_hal_uart.o(.ARM.exidx.text.HAL_UART_DMAStop), (8 bytes).
    Removing stm32f4xx_hal_uart.o(.text.HAL_UARTEx_ReceiveToIdle), (274 bytes).
    Removing stm32f4xx_hal_uart.o(.ARM.exidx.text.HAL_UARTEx_ReceiveToIdle), (8 bytes).
    Removing stm32f4xx_hal_uart.o(.text.HAL_UARTEx_ReceiveToIdle_IT), (136 bytes).
    Removing stm32f4xx_hal_uart.o(.ARM.exidx.text.HAL_UARTEx_ReceiveToIdle_IT), (8 bytes).
    Removing stm32f4xx_hal_uart.o(.text.HAL_UARTEx_ReceiveToIdle_DMA), (104 bytes).
    Removing stm32f4xx_hal_uart.o(.ARM.exidx.text.HAL_UARTEx_ReceiveToIdle_DMA), (8 bytes).
    Removing stm32f4xx_hal_uart.o(.text.HAL_UARTEx_GetRxEventType), (4 bytes).
    Removing stm32f4xx_hal_uart.o(.ARM.exidx.text.HAL_UARTEx_GetRxEventType), (8 bytes).
    Removing stm32f4xx_hal_uart.o(.text.HAL_UART_Abort), (206 bytes).
    Removing stm32f4xx_hal_uart.o(.ARM.exidx.text.HAL_UART_Abort), (8 bytes).
    Removing stm32f4xx_hal_uart.o(.text.HAL_UART_AbortTransmit), (96 bytes).
    Removing stm32f4xx_hal_uart.o(.ARM.exidx.text.HAL_UART_AbortTransmit), (8 bytes).
    Removing stm32f4xx_hal_uart.o(.text.HAL_UART_AbortReceive), (146 bytes).
    Removing stm32f4xx_hal_uart.o(.ARM.exidx.text.HAL_UART_AbortReceive), (8 bytes).
    Removing stm32f4xx_hal_uart.o(.text.HAL_UART_Abort_IT), (248 bytes).
    Removing stm32f4xx_hal_uart.o(.ARM.exidx.text.HAL_UART_Abort_IT), (8 bytes).
    Removing stm32f4xx_hal_uart.o(.text.UART_DMATxAbortCallback), (42 bytes).
    Removing stm32f4xx_hal_uart.o(.ARM.exidx.text.UART_DMATxAbortCallback), (8 bytes).
    Removing stm32f4xx_hal_uart.o(.text.UART_DMARxAbortCallback), (42 bytes).
    Removing stm32f4xx_hal_uart.o(.ARM.exidx.text.UART_DMARxAbortCallback), (8 bytes).
    Removing stm32f4xx_hal_uart.o(.text.HAL_UART_AbortCpltCallback), (2 bytes).
    Removing stm32f4xx_hal_uart.o(.ARM.exidx.text.HAL_UART_AbortCpltCallback), (8 bytes).
    Removing stm32f4xx_hal_uart.o(.text.HAL_UART_AbortTransmit_IT), (104 bytes).
    Removing stm32f4xx_hal_uart.o(.ARM.exidx.text.HAL_UART_AbortTransmit_IT), (8 bytes).
    Removing stm32f4xx_hal_uart.o(.text.UART_DMATxOnlyAbortCallback), (16 bytes).
    Removing stm32f4xx_hal_uart.o(.ARM.exidx.text.UART_DMATxOnlyAbortCallback), (8 bytes).
    Removing stm32f4xx_hal_uart.o(.text.HAL_UART_AbortTransmitCpltCallback), (2 bytes).
    Removing stm32f4xx_hal_uart.o(.ARM.exidx.text.HAL_UART_AbortTransmitCpltCallback), (8 bytes).
    Removing stm32f4xx_hal_uart.o(.text.HAL_UART_AbortReceive_IT), (154 bytes).
    Removing stm32f4xx_hal_uart.o(.ARM.exidx.text.HAL_UART_AbortReceive_IT), (8 bytes).
    Removing stm32f4xx_hal_uart.o(.text.UART_DMARxOnlyAbortCallback), (18 bytes).
    Removing stm32f4xx_hal_uart.o(.ARM.exidx.text.UART_DMARxOnlyAbortCallback), (8 bytes).
    Removing stm32f4xx_hal_uart.o(.text.HAL_UART_AbortReceiveCpltCallback), (2 bytes).
    Removing stm32f4xx_hal_uart.o(.ARM.exidx.text.HAL_UART_AbortReceiveCpltCallback), (8 bytes).
    Removing stm32f4xx_hal_uart.o(.text.HAL_UART_IRQHandler), (790 bytes).
    Removing stm32f4xx_hal_uart.o(.ARM.exidx.text.HAL_UART_IRQHandler), (8 bytes).
    Removing stm32f4xx_hal_uart.o(.text.UART_Receive_IT), (192 bytes).
    Removing stm32f4xx_hal_uart.o(.ARM.exidx.text.UART_Receive_IT), (8 bytes).
    Removing stm32f4xx_hal_uart.o(.text.UART_DMAAbortOnError), (10 bytes).
    Removing stm32f4xx_hal_uart.o(.ARM.exidx.text.UART_DMAAbortOnError), (8 bytes).
    Removing stm32f4xx_hal_uart.o(.text.HAL_UART_ErrorCallback), (2 bytes).
    Removing stm32f4xx_hal_uart.o(.ARM.exidx.text.HAL_UART_ErrorCallback), (8 bytes).
    Removing stm32f4xx_hal_uart.o(.text.HAL_UARTEx_RxEventCallback), (2 bytes).
    Removing stm32f4xx_hal_uart.o(.ARM.exidx.text.HAL_UARTEx_RxEventCallback), (8 bytes).
    Removing stm32f4xx_hal_uart.o(.text.HAL_UART_TxCpltCallback), (2 bytes).
    Removing stm32f4xx_hal_uart.o(.ARM.exidx.text.HAL_UART_TxCpltCallback), (8 bytes).
    Removing stm32f4xx_hal_uart.o(.text.HAL_UART_TxHalfCpltCallback), (2 bytes).
    Removing stm32f4xx_hal_uart.o(.ARM.exidx.text.HAL_UART_TxHalfCpltCallback), (8 bytes).
    Removing stm32f4xx_hal_uart.o(.text.HAL_UART_RxCpltCallback), (2 bytes).
    Removing stm32f4xx_hal_uart.o(.ARM.exidx.text.HAL_UART_RxCpltCallback), (8 bytes).
    Removing stm32f4xx_hal_uart.o(.text.HAL_UART_RxHalfCpltCallback), (2 bytes).
    Removing stm32f4xx_hal_uart.o(.ARM.exidx.text.HAL_UART_RxHalfCpltCallback), (8 bytes).
    Removing stm32f4xx_hal_uart.o(.text.HAL_LIN_SendBreak), (60 bytes).
    Removing stm32f4xx_hal_uart.o(.ARM.exidx.text.HAL_LIN_SendBreak), (8 bytes).
    Removing stm32f4xx_hal_uart.o(.text.HAL_MultiProcessor_EnterMuteMode), (62 bytes).
    Removing stm32f4xx_hal_uart.o(.ARM.exidx.text.HAL_MultiProcessor_EnterMuteMode), (8 bytes).
    Removing stm32f4xx_hal_uart.o(.text.HAL_MultiProcessor_ExitMuteMode), (62 bytes).
    Removing stm32f4xx_hal_uart.o(.ARM.exidx.text.HAL_MultiProcessor_ExitMuteMode), (8 bytes).
    Removing stm32f4xx_hal_uart.o(.text.HAL_HalfDuplex_EnableTransmitter), (44 bytes).
    Removing stm32f4xx_hal_uart.o(.ARM.exidx.text.HAL_HalfDuplex_EnableTransmitter), (8 bytes).
    Removing stm32f4xx_hal_uart.o(.text.HAL_HalfDuplex_EnableReceiver), (46 bytes).
    Removing stm32f4xx_hal_uart.o(.ARM.exidx.text.HAL_HalfDuplex_EnableReceiver), (8 bytes).
    Removing stm32f4xx_hal_uart.o(.text.HAL_UART_GetState), (14 bytes).
    Removing stm32f4xx_hal_uart.o(.ARM.exidx.text.HAL_UART_GetState), (8 bytes).
    Removing stm32f4xx_hal_uart.o(.text.HAL_UART_GetError), (4 bytes).
    Removing stm32f4xx_hal_uart.o(.ARM.exidx.text.HAL_UART_GetError), (8 bytes).
    Removing stm32f4xx_hal_uart.o(.text.UART_DMAReceiveCplt), (128 bytes).
    Removing stm32f4xx_hal_uart.o(.ARM.exidx.text.UART_DMAReceiveCplt), (8 bytes).
    Removing stm32f4xx_hal_uart.o(.text.UART_DMARxHalfCplt), (24 bytes).
    Removing stm32f4xx_hal_uart.o(.ARM.exidx.text.UART_DMARxHalfCplt), (8 bytes).
    Removing stm32f4xx_hal_usart.o(.text), (0 bytes).
    Removing stm32f4xx_hal_wwdg.o(.text), (0 bytes).
    Removing stm32f4xx_ll_adc.o(.text), (0 bytes).
    Removing stm32f4xx_ll_crc.o(.text), (0 bytes).
    Removing stm32f4xx_ll_dac.o(.text), (0 bytes).
    Removing stm32f4xx_ll_dma.o(.text), (0 bytes).
    Removing stm32f4xx_ll_dma2d.o(.text), (0 bytes).
    Removing stm32f4xx_ll_exti.o(.text), (0 bytes).
    Removing stm32f4xx_ll_fmc.o(.text), (0 bytes).
    Removing stm32f4xx_ll_fmpi2c.o(.text), (0 bytes).
    Removing stm32f4xx_ll_fsmc.o(.text), (0 bytes).
    Removing stm32f4xx_ll_gpio.o(.text), (0 bytes).
    Removing stm32f4xx_ll_i2c.o(.text), (0 bytes).
    Removing stm32f4xx_ll_lptim.o(.text), (0 bytes).
    Removing stm32f4xx_ll_pwr.o(.text), (0 bytes).
    Removing stm32f4xx_ll_rcc.o(.text), (0 bytes).
    Removing stm32f4xx_ll_rng.o(.text), (0 bytes).
    Removing stm32f4xx_ll_rtc.o(.text), (0 bytes).
    Removing stm32f4xx_ll_sdmmc.o(.text), (0 bytes).
    Removing stm32f4xx_ll_spi.o(.text), (0 bytes).
    Removing stm32f4xx_ll_tim.o(.text), (0 bytes).
    Removing stm32f4xx_ll_usart.o(.text), (0 bytes).
    Removing stm32f4xx_ll_usb.o(.text), (0 bytes).
    Removing stm32f4xx_ll_utils.o(.text), (0 bytes).
    Removing stm32f4xx_ll_utils.o(.text.LL_Init1msTick), (40 bytes).
    Removing stm32f4xx_ll_utils.o(.ARM.exidx.text.LL_Init1msTick), (8 bytes).
    Removing stm32f4xx_ll_utils.o(.text.LL_mDelay), (40 bytes).
    Removing stm32f4xx_ll_utils.o(.ARM.exidx.text.LL_mDelay), (8 bytes).
    Removing stm32f4xx_ll_utils.o(.text.LL_SetSystemCoreClock), (12 bytes).
    Removing stm32f4xx_ll_utils.o(.ARM.exidx.text.LL_SetSystemCoreClock), (8 bytes).
    Removing stm32f4xx_ll_utils.o(.text.LL_SetFlashLatency), (158 bytes).
    Removing stm32f4xx_ll_utils.o(.ARM.exidx.text.LL_SetFlashLatency), (8 bytes).
    Removing stm32f4xx_ll_utils.o(.text.LL_PLL_ConfigSystemClock_HSI), (144 bytes).
    Removing stm32f4xx_ll_utils.o(.ARM.exidx.text.LL_PLL_ConfigSystemClock_HSI), (8 bytes).
    Removing stm32f4xx_ll_utils.o(.text.UTILS_EnablePLLAndSwitchSystem), (452 bytes).
    Removing stm32f4xx_ll_utils.o(.ARM.exidx.text.UTILS_EnablePLLAndSwitchSystem), (8 bytes).
    Removing stm32f4xx_ll_utils.o(.text.LL_PLL_ConfigSystemClock_HSE), (170 bytes).
    Removing stm32f4xx_ll_utils.o(.ARM.exidx.text.LL_PLL_ConfigSystemClock_HSE), (8 bytes).
    Removing stm32f4xx_hal_can_1.o(.text), (0 bytes).
    Removing stm32f4xx_hal_eth_1.o(.text), (0 bytes).
    Removing main.o(.text), (0 bytes).
    Removing main.o(.ARM.exidx.text.main), (8 bytes).
    Removing main.o(.text.HAL_GPIO_EXTI_Callback), (2 bytes).
    Removing main.o(.ARM.exidx.text.HAL_GPIO_EXTI_Callback), (8 bytes).
    Removing main.o(.text.Main_Error_Handler), (2 bytes).
    Removing main.o(.ARM.exidx.text.Main_Error_Handler), (8 bytes).
    Removing main.o(.text.HAL_UART_RxCpltCallback), (30 bytes).
    Removing main.o(.ARM.exidx.text.HAL_UART_RxCpltCallback), (8 bytes).
    Removing main.o(.text.EMount_PowerControl), (38 bytes).
    Removing main.o(.ARM.exidx.text.EMount_PowerControl), (8 bytes).
    Removing main.o(.text.EMount_HandleHandshaking), (28 bytes).
    Removing main.o(.ARM.exidx.text.EMount_HandleHandshaking), (8 bytes).
    Removing main.o(.text.EMount_SwitchBaudRate), (32 bytes).
    Removing main.o(.ARM.exidx.text.EMount_SwitchBaudRate), (8 bytes).
    Removing main.o(.bss.rx_complete), (1 bytes).
    Removing main.o(.bss.huart1), (72 bytes).
    Removing main.o(.bss.rx_buffer), (64 bytes).
    Removing main.o(.bss.hdma_usart1_rx), (96 bytes).
    Removing main.o(.ARM.use_no_argv), (4 bytes).
    Removing stm32f4xx_it.o(.text), (0 bytes).
    Removing stm32f4xx_it.o(.ARM.exidx.text.NMI_Handler), (8 bytes).
    Removing stm32f4xx_it.o(.ARM.exidx.text.HardFault_Handler), (8 bytes).
    Removing stm32f4xx_it.o(.ARM.exidx.text.MemManage_Handler), (8 bytes).
    Removing stm32f4xx_it.o(.ARM.exidx.text.BusFault_Handler), (8 bytes).
    Removing stm32f4xx_it.o(.ARM.exidx.text.UsageFault_Handler), (8 bytes).
    Removing stm32f4xx_it.o(.ARM.exidx.text.SVC_Handler), (8 bytes).
    Removing stm32f4xx_it.o(.ARM.exidx.text.DebugMon_Handler), (8 bytes).
    Removing stm32f4xx_it.o(.ARM.exidx.text.PendSV_Handler), (8 bytes).
    Removing stm32f4xx_it.o(.ARM.exidx.text.SysTick_Handler), (8 bytes).
    Removing stm32f4xx_it.o(.ARM.exidx.text.EXTI0_IRQHandler), (8 bytes).
    Removing system_stm32f4xx.o(.text), (0 bytes).
    Removing system_stm32f4xx.o(.ARM.exidx.text.SystemInit), (8 bytes).
    Removing system_stm32f4xx.o(.text.SystemCoreClockUpdate), (134 bytes).
    Removing system_stm32f4xx.o(.ARM.exidx.text.SystemCoreClockUpdate), (8 bytes).
    Removing system_stm32f4xx.o(.rodata.APBPrescTable), (8 bytes).
    Removing emount_protocol.o(.text), (0 bytes).
    Removing emount_protocol.o(.text.EMount_Init), (60 bytes).
    Removing emount_protocol.o(.ARM.exidx.text.EMount_Init), (8 bytes).
    Removing emount_protocol.o(.ARM.exidx.text.Error_Handler), (8 bytes).
    Removing emount_protocol.o(.text.EMount_ProcessMessage), (478 bytes).
    Removing emount_protocol.o(.ARM.exidx.text.EMount_ProcessMessage), (8 bytes).
    Removing emount_protocol.o(.text.EMount_HandleInit), (116 bytes).
    Removing emount_protocol.o(.ARM.exidx.text.EMount_HandleInit), (8 bytes).
    Removing emount_protocol.o(.text.EMount_HandleStatusQuery), (114 bytes).
    Removing emount_protocol.o(.ARM.exidx.text.EMount_HandleStatusQuery), (8 bytes).
    Removing emount_protocol.o(.text.EMount_HandleParamQuery), (114 bytes).
    Removing emount_protocol.o(.ARM.exidx.text.EMount_HandleParamQuery), (8 bytes).
    Removing emount_protocol.o(.text.EMount_HandleLensInfo), (130 bytes).
    Removing emount_protocol.o(.ARM.exidx.text.EMount_HandleLensInfo), (8 bytes).
    Removing emount_protocol.o(.text.EMount_SendDefaultResponse), (106 bytes).
    Removing emount_protocol.o(.ARM.exidx.text.EMount_SendDefaultResponse), (8 bytes).
    Removing emount_protocol.o(.text.EMount_SendResponse), (150 bytes).
    Removing emount_protocol.o(.ARM.exidx.text.EMount_SendResponse), (8 bytes).
    Removing emount_protocol.o(.text.EMount_CalculateChecksum), (28 bytes).
    Removing emount_protocol.o(.ARM.exidx.text.EMount_CalculateChecksum), (8 bytes).
    Removing emount_protocol.o(.text.EMount_RegisterErrorCallback), (12 bytes).
    Removing emount_protocol.o(.ARM.exidx.text.EMount_RegisterErrorCallback), (8 bytes).
    Removing emount_protocol.o(.bss.emount_uart), (4 bytes).
    Removing emount_protocol.o(.bss.current_state), (1 bytes).
    Removing emount_protocol.o(.bss.current_seq), (1 bytes).
    Removing emount_protocol.o(.bss.tx_buffer), (64 bytes).
    Removing gpio_config.o(.text), (0 bytes).
    Removing gpio_config.o(.text.EMount_GPIO_Init), (152 bytes).
    Removing gpio_config.o(.ARM.exidx.text.EMount_GPIO_Init), (8 bytes).
    Removing gpio_config.o(.text.EMount_SetLensCS), (24 bytes).
    Removing gpio_config.o(.ARM.exidx.text.EMount_SetLensCS), (8 bytes).
    Removing gpio_config.o(.text.EMount_SetDetect), (24 bytes).
    Removing gpio_config.o(.ARM.exidx.text.EMount_SetDetect), (8 bytes).
    Removing gpio_config.o(.text.EMount_GetSyncSignal), (12 bytes).
    Removing gpio_config.o(.ARM.exidx.text.EMount_GetSyncSignal), (8 bytes).
    Removing gpio_config.o(.text.EMount_GetBodyCS), (12 bytes).
    Removing gpio_config.o(.ARM.exidx.text.EMount_GetBodyCS), (8 bytes).
    Removing usart_config.o(.text), (0 bytes).
    Removing key.o(.text), (0 bytes).
    Removing key.o(.ARM.exidx.text.key_init), (8 bytes).
    Removing key.o(.ARM.exidx.text.key_scan), (8 bytes).
    Removing delay.o(.text), (0 bytes).
    Removing delay.o(.ARM.exidx.text.delay_init), (8 bytes).
    Removing delay.o(.text.delay_us), (58 bytes).
    Removing delay.o(.ARM.exidx.text.delay_us), (8 bytes).
    Removing delay.o(.ARM.exidx.text.delay_ms), (8 bytes).
    Removing delay.o(.text.HAL_Delay), (66 bytes).
    Removing delay.o(.ARM.exidx.text.HAL_Delay), (8 bytes).
    Removing sys.o(.text), (0 bytes).
    Removing sys.o(.text.sys_nvic_set_vector_table), (20 bytes).
    Removing sys.o(.ARM.exidx.text.sys_nvic_set_vector_table), (8 bytes).
    Removing sys.o(.text.sys_wfi_set), (4 bytes).
    Removing sys.o(.ARM.exidx.text.sys_wfi_set), (8 bytes).
    Removing sys.o(.text.sys_intx_disable), (4 bytes).
    Removing sys.o(.ARM.exidx.text.sys_intx_disable), (8 bytes).
    Removing sys.o(.text.sys_intx_enable), (4 bytes).
    Removing sys.o(.ARM.exidx.text.sys_intx_enable), (8 bytes).
    Removing sys.o(.text.sys_msr_msp), (6 bytes).
    Removing sys.o(.ARM.exidx.text.sys_msr_msp), (8 bytes).
    Removing sys.o(.text.sys_standby), (52 bytes).
    Removing sys.o(.ARM.exidx.text.sys_standby), (8 bytes).
    Removing sys.o(.text.sys_soft_reset), (4 bytes).
    Removing sys.o(.ARM.exidx.text.sys_soft_reset), (8 bytes).
    Removing sys.o(.text.__NVIC_SystemReset), (36 bytes).
    Removing sys.o(.ARM.exidx.text.__NVIC_SystemReset), (8 bytes).
    Removing sys.o(.text.sys_stm32_clock_init), (90 bytes).
    Removing sys.o(.ARM.exidx.text.sys_stm32_clock_init), (8 bytes).

839 unused section(s) (total 46797 bytes) removed from the image.

==============================================================================

Image Symbol Table

    Local Symbols

    Symbol Name                              Value     Ov Type        Size  Object(Section)

    ../Start/startup_stm32f401xe.s           0x00000000   Number         0  startup_stm32f401xe.o ABSOLUTE
    ../clib/angel/boardlib.s                 0x00000000   Number         0  boardinit1.o ABSOLUTE
    ../clib/angel/boardlib.s                 0x00000000   Number         0  boardinit2.o ABSOLUTE
    ../clib/angel/boardlib.s                 0x00000000   Number         0  boardinit3.o ABSOLUTE
    ../clib/angel/boardlib.s                 0x00000000   Number         0  boardshut.o ABSOLUTE
    ../clib/angel/handlers.s                 0x00000000   Number         0  __scatter_copy.o ABSOLUTE
    ../clib/angel/handlers.s                 0x00000000   Number         0  __scatter_zi.o ABSOLUTE
    ../clib/angel/kernel.s                   0x00000000   Number         0  __rtentry.o ABSOLUTE
    ../clib/angel/kernel.s                   0x00000000   Number         0  __rtentry2.o ABSOLUTE
    ../clib/angel/kernel.s                   0x00000000   Number         0  __rtentry4.o ABSOLUTE
    ../clib/angel/kernel.s                   0x00000000   Number         0  rtexit.o ABSOLUTE
    ../clib/angel/kernel.s                   0x00000000   Number         0  rtexit2.o ABSOLUTE
    ../clib/angel/rt.s                       0x00000000   Number         0  aeabi_ldiv0.o ABSOLUTE
    ../clib/angel/rt.s                       0x00000000   Number         0  aeabi_ldiv0_sigfpe.o ABSOLUTE
    ../clib/angel/rt.s                       0x00000000   Number         0  rt_div0.o ABSOLUTE
    ../clib/angel/rt.s                       0x00000000   Number         0  rt_raise.o ABSOLUTE
    ../clib/angel/scatter.s                  0x00000000   Number         0  __scatter.o ABSOLUTE
    ../clib/angel/startup.s                  0x00000000   Number         0  __main.o ABSOLUTE
    ../clib/angel/sys.s                      0x00000000   Number         0  sys_stackheap_outer.o ABSOLUTE
    ../clib/angel/sys.s                      0x00000000   Number         0  libspace.o ABSOLUTE
    ../clib/angel/sys.s                      0x00000000   Number         0  use_no_semi.o ABSOLUTE
    ../clib/angel/sys.s                      0x00000000   Number         0  indicate_semi.o ABSOLUTE
    ../clib/angel/sysapp.c                   0x00000000   Number         0  sys_exit.o ABSOLUTE
    ../clib/angel/sysapp.c                   0x00000000   Number         0  sys_exit_hlt.o ABSOLUTE
    ../clib/angel/sysapp.c                   0x00000000   Number         0  sys_wrch.o ABSOLUTE
    ../clib/angel/sysapp.c                   0x00000000   Number         0  sys_wrch_hlt.o ABSOLUTE
    ../clib/angel/sysapp.c                   0x00000000   Number         0  sys_command.o ABSOLUTE
    ../clib/angel/sysapp.c                   0x00000000   Number         0  sys_command_hlt.o ABSOLUTE
    ../clib/armsys.c                         0x00000000   Number         0  argv_veneer.o ABSOLUTE
    ../clib/armsys.c                         0x00000000   Number         0  argv_veneer.o ABSOLUTE
    ../clib/armsys.c                         0x00000000   Number         0  _get_argv_nomalloc.o ABSOLUTE
    ../clib/armsys.c                         0x00000000   Number         0  no_argv.o ABSOLUTE
    ../clib/heapalloc.c                      0x00000000   Number         0  hrguard.o ABSOLUTE
    ../clib/heapaux.c                        0x00000000   Number         0  heapauxi.o ABSOLUTE
    ../clib/libinit.s                        0x00000000   Number         0  libinit.o ABSOLUTE
    ../clib/libinit.s                        0x00000000   Number         0  libinit2.o ABSOLUTE
    ../clib/libinit.s                        0x00000000   Number         0  libshutdown.o ABSOLUTE
    ../clib/libinit.s                        0x00000000   Number         0  libshutdown2.o ABSOLUTE
    ../clib/longlong.s                       0x00000000   Number         0  lludivv7m.o ABSOLUTE
    ../clib/memcpset.s                       0x00000000   Number         0  rt_memcpy_v6.o ABSOLUTE
    ../clib/memcpset.s                       0x00000000   Number         0  rt_memclr_w.o ABSOLUTE
    ../clib/memcpset.s                       0x00000000   Number         0  rt_memcpy_w.o ABSOLUTE
    ../clib/signal.c                         0x00000000   Number         0  defsig_fpe_outer.o ABSOLUTE
    ../clib/signal.c                         0x00000000   Number         0  defsig_fpe_formal.o ABSOLUTE
    ../clib/signal.c                         0x00000000   Number         0  defsig_exit.o ABSOLUTE
    ../clib/signal.c                         0x00000000   Number         0  defsig_fpe_inner.o ABSOLUTE
    ../clib/signal.c                         0x00000000   Number         0  __raise.o ABSOLUTE
    ../clib/signal.c                         0x00000000   Number         0  defsig_general.o ABSOLUTE
    ../clib/signal.c                         0x00000000   Number         0  defsig_abrt_inner.o ABSOLUTE
    ../clib/signal.c                         0x00000000   Number         0  defsig_rtred_inner.o ABSOLUTE
    ../clib/signal.c                         0x00000000   Number         0  defsig_rtmem_inner.o ABSOLUTE
    ../clib/signal.c                         0x00000000   Number         0  defsig_rtmem_outer.o ABSOLUTE
    ../clib/signal.c                         0x00000000   Number         0  defsig_rtmem_formal.o ABSOLUTE
    ../clib/signal.c                         0x00000000   Number         0  defsig_stak_inner.o ABSOLUTE
    ../clib/signal.c                         0x00000000   Number         0  defsig_pvfn_inner.o ABSOLUTE
    ../clib/signal.c                         0x00000000   Number         0  defsig_cppl_inner.o ABSOLUTE
    ../clib/signal.c                         0x00000000   Number         0  defsig_segv_inner.o ABSOLUTE
    ../clib/signal.c                         0x00000000   Number         0  defsig_other.o ABSOLUTE
    ../clib/signal.s                         0x00000000   Number         0  defsig.o ABSOLUTE
    ../clib/stdlib.c                         0x00000000   Number         0  exit.o ABSOLUTE
    ../fplib/fpinit.s                        0x00000000   Number         0  fpinit.o ABSOLUTE
    dc.s                                     0x00000000   Number         0  dc.o ABSOLUTE
    delay.c                                  0x00000000   Number         0  delay.o ABSOLUTE
    emount_protocol.c                        0x00000000   Number         0  emount_protocol.o ABSOLUTE
    gpio_config.c                            0x00000000   Number         0  gpio_config.o ABSOLUTE
    key.c                                    0x00000000   Number         0  key.o ABSOLUTE
    main.c                                   0x00000000   Number         0  main.o ABSOLUTE
    stm32f4xx_hal.c                          0x00000000   Number         0  stm32f4xx_hal.o ABSOLUTE
    stm32f4xx_hal_adc.c                      0x00000000   Number         0  stm32f4xx_hal_adc.o ABSOLUTE
    stm32f4xx_hal_adc_ex.c                   0x00000000   Number         0  stm32f4xx_hal_adc_ex.o ABSOLUTE
    stm32f4xx_hal_can.c                      0x00000000   Number         0  stm32f4xx_hal_can.o ABSOLUTE
    stm32f4xx_hal_can.c                      0x00000000   Number         0  stm32f4xx_hal_can_1.o ABSOLUTE
    stm32f4xx_hal_cec.c                      0x00000000   Number         0  stm32f4xx_hal_cec.o ABSOLUTE
    stm32f4xx_hal_cortex.c                   0x00000000   Number         0  stm32f4xx_hal_cortex.o ABSOLUTE
    stm32f4xx_hal_crc.c                      0x00000000   Number         0  stm32f4xx_hal_crc.o ABSOLUTE
    stm32f4xx_hal_cryp.c                     0x00000000   Number         0  stm32f4xx_hal_cryp.o ABSOLUTE
    stm32f4xx_hal_cryp_ex.c                  0x00000000   Number         0  stm32f4xx_hal_cryp_ex.o ABSOLUTE
    stm32f4xx_hal_dac.c                      0x00000000   Number         0  stm32f4xx_hal_dac.o ABSOLUTE
    stm32f4xx_hal_dac_ex.c                   0x00000000   Number         0  stm32f4xx_hal_dac_ex.o ABSOLUTE
    stm32f4xx_hal_dcmi.c                     0x00000000   Number         0  stm32f4xx_hal_dcmi.o ABSOLUTE
    stm32f4xx_hal_dcmi_ex.c                  0x00000000   Number         0  stm32f4xx_hal_dcmi_ex.o ABSOLUTE
    stm32f4xx_hal_dfsdm.c                    0x00000000   Number         0  stm32f4xx_hal_dfsdm.o ABSOLUTE
    stm32f4xx_hal_dma.c                      0x00000000   Number         0  stm32f4xx_hal_dma.o ABSOLUTE
    stm32f4xx_hal_dma2d.c                    0x00000000   Number         0  stm32f4xx_hal_dma2d.o ABSOLUTE
    stm32f4xx_hal_dma_ex.c                   0x00000000   Number         0  stm32f4xx_hal_dma_ex.o ABSOLUTE
    stm32f4xx_hal_dsi.c                      0x00000000   Number         0  stm32f4xx_hal_dsi.o ABSOLUTE
    stm32f4xx_hal_eth.c                      0x00000000   Number         0  stm32f4xx_hal_eth.o ABSOLUTE
    stm32f4xx_hal_eth.c                      0x00000000   Number         0  stm32f4xx_hal_eth_1.o ABSOLUTE
    stm32f4xx_hal_exti.c                     0x00000000   Number         0  stm32f4xx_hal_exti.o ABSOLUTE
    stm32f4xx_hal_flash.c                    0x00000000   Number         0  stm32f4xx_hal_flash.o ABSOLUTE
    stm32f4xx_hal_flash_ex.c                 0x00000000   Number         0  stm32f4xx_hal_flash_ex.o ABSOLUTE
    stm32f4xx_hal_flash_ramfunc.c            0x00000000   Number         0  stm32f4xx_hal_flash_ramfunc.o ABSOLUTE
    stm32f4xx_hal_fmpi2c.c                   0x00000000   Number         0  stm32f4xx_hal_fmpi2c.o ABSOLUTE
    stm32f4xx_hal_fmpi2c_ex.c                0x00000000   Number         0  stm32f4xx_hal_fmpi2c_ex.o ABSOLUTE
    stm32f4xx_hal_fmpsmbus.c                 0x00000000   Number         0  stm32f4xx_hal_fmpsmbus.o ABSOLUTE
    stm32f4xx_hal_fmpsmbus_ex.c              0x00000000   Number         0  stm32f4xx_hal_fmpsmbus_ex.o ABSOLUTE
    stm32f4xx_hal_gpio.c                     0x00000000   Number         0  stm32f4xx_hal_gpio.o ABSOLUTE
    stm32f4xx_hal_hash.c                     0x00000000   Number         0  stm32f4xx_hal_hash.o ABSOLUTE
    stm32f4xx_hal_hash_ex.c                  0x00000000   Number         0  stm32f4xx_hal_hash_ex.o ABSOLUTE
    stm32f4xx_hal_hcd.c                      0x00000000   Number         0  stm32f4xx_hal_hcd.o ABSOLUTE
    stm32f4xx_hal_i2c.c                      0x00000000   Number         0  stm32f4xx_hal_i2c.o ABSOLUTE
    stm32f4xx_hal_i2c_ex.c                   0x00000000   Number         0  stm32f4xx_hal_i2c_ex.o ABSOLUTE
    stm32f4xx_hal_i2s.c                      0x00000000   Number         0  stm32f4xx_hal_i2s.o ABSOLUTE
    stm32f4xx_hal_i2s_ex.c                   0x00000000   Number         0  stm32f4xx_hal_i2s_ex.o ABSOLUTE
    stm32f4xx_hal_irda.c                     0x00000000   Number         0  stm32f4xx_hal_irda.o ABSOLUTE
    stm32f4xx_hal_iwdg.c                     0x00000000   Number         0  stm32f4xx_hal_iwdg.o ABSOLUTE
    stm32f4xx_hal_lptim.c                    0x00000000   Number         0  stm32f4xx_hal_lptim.o ABSOLUTE
    stm32f4xx_hal_ltdc.c                     0x00000000   Number         0  stm32f4xx_hal_ltdc.o ABSOLUTE
    stm32f4xx_hal_ltdc_ex.c                  0x00000000   Number         0  stm32f4xx_hal_ltdc_ex.o ABSOLUTE
    stm32f4xx_hal_mmc.c                      0x00000000   Number         0  stm32f4xx_hal_mmc.o ABSOLUTE
    stm32f4xx_hal_nand.c                     0x00000000   Number         0  stm32f4xx_hal_nand.o ABSOLUTE
    stm32f4xx_hal_nor.c                      0x00000000   Number         0  stm32f4xx_hal_nor.o ABSOLUTE
    stm32f4xx_hal_pccard.c                   0x00000000   Number         0  stm32f4xx_hal_pccard.o ABSOLUTE
    stm32f4xx_hal_pcd.c                      0x00000000   Number         0  stm32f4xx_hal_pcd.o ABSOLUTE
    stm32f4xx_hal_pcd_ex.c                   0x00000000   Number         0  stm32f4xx_hal_pcd_ex.o ABSOLUTE
    stm32f4xx_hal_pwr.c                      0x00000000   Number         0  stm32f4xx_hal_pwr.o ABSOLUTE
    stm32f4xx_hal_pwr_ex.c                   0x00000000   Number         0  stm32f4xx_hal_pwr_ex.o ABSOLUTE
    stm32f4xx_hal_qspi.c                     0x00000000   Number         0  stm32f4xx_hal_qspi.o ABSOLUTE
    stm32f4xx_hal_rcc.c                      0x00000000   Number         0  stm32f4xx_hal_rcc.o ABSOLUTE
    stm32f4xx_hal_rcc_ex.c                   0x00000000   Number         0  stm32f4xx_hal_rcc_ex.o ABSOLUTE
    stm32f4xx_hal_rng.c                      0x00000000   Number         0  stm32f4xx_hal_rng.o ABSOLUTE
    stm32f4xx_hal_rtc.c                      0x00000000   Number         0  stm32f4xx_hal_rtc.o ABSOLUTE
    stm32f4xx_hal_rtc_ex.c                   0x00000000   Number         0  stm32f4xx_hal_rtc_ex.o ABSOLUTE
    stm32f4xx_hal_sai.c                      0x00000000   Number         0  stm32f4xx_hal_sai.o ABSOLUTE
    stm32f4xx_hal_sai_ex.c                   0x00000000   Number         0  stm32f4xx_hal_sai_ex.o ABSOLUTE
    stm32f4xx_hal_sd.c                       0x00000000   Number         0  stm32f4xx_hal_sd.o ABSOLUTE
    stm32f4xx_hal_sdram.c                    0x00000000   Number         0  stm32f4xx_hal_sdram.o ABSOLUTE
    stm32f4xx_hal_smartcard.c                0x00000000   Number         0  stm32f4xx_hal_smartcard.o ABSOLUTE
    stm32f4xx_hal_smbus.c                    0x00000000   Number         0  stm32f4xx_hal_smbus.o ABSOLUTE
    stm32f4xx_hal_spdifrx.c                  0x00000000   Number         0  stm32f4xx_hal_spdifrx.o ABSOLUTE
    stm32f4xx_hal_spi.c                      0x00000000   Number         0  stm32f4xx_hal_spi.o ABSOLUTE
    stm32f4xx_hal_sram.c                     0x00000000   Number         0  stm32f4xx_hal_sram.o ABSOLUTE
    stm32f4xx_hal_tim.c                      0x00000000   Number         0  stm32f4xx_hal_tim.o ABSOLUTE
    stm32f4xx_hal_tim_ex.c                   0x00000000   Number         0  stm32f4xx_hal_tim_ex.o ABSOLUTE
    stm32f4xx_hal_uart.c                     0x00000000   Number         0  stm32f4xx_hal_uart.o ABSOLUTE
    stm32f4xx_hal_usart.c                    0x00000000   Number         0  stm32f4xx_hal_usart.o ABSOLUTE
    stm32f4xx_hal_wwdg.c                     0x00000000   Number         0  stm32f4xx_hal_wwdg.o ABSOLUTE
    stm32f4xx_it.c                           0x00000000   Number         0  stm32f4xx_it.o ABSOLUTE
    stm32f4xx_ll_adc.c                       0x00000000   Number         0  stm32f4xx_ll_adc.o ABSOLUTE
    stm32f4xx_ll_crc.c                       0x00000000   Number         0  stm32f4xx_ll_crc.o ABSOLUTE
    stm32f4xx_ll_dac.c                       0x00000000   Number         0  stm32f4xx_ll_dac.o ABSOLUTE
    stm32f4xx_ll_dma.c                       0x00000000   Number         0  stm32f4xx_ll_dma.o ABSOLUTE
    stm32f4xx_ll_dma2d.c                     0x00000000   Number         0  stm32f4xx_ll_dma2d.o ABSOLUTE
    stm32f4xx_ll_exti.c                      0x00000000   Number         0  stm32f4xx_ll_exti.o ABSOLUTE
    stm32f4xx_ll_fmc.c                       0x00000000   Number         0  stm32f4xx_ll_fmc.o ABSOLUTE
    stm32f4xx_ll_fmpi2c.c                    0x00000000   Number         0  stm32f4xx_ll_fmpi2c.o ABSOLUTE
    stm32f4xx_ll_fsmc.c                      0x00000000   Number         0  stm32f4xx_ll_fsmc.o ABSOLUTE
    stm32f4xx_ll_gpio.c                      0x00000000   Number         0  stm32f4xx_ll_gpio.o ABSOLUTE
    stm32f4xx_ll_i2c.c                       0x00000000   Number         0  stm32f4xx_ll_i2c.o ABSOLUTE
    stm32f4xx_ll_lptim.c                     0x00000000   Number         0  stm32f4xx_ll_lptim.o ABSOLUTE
    stm32f4xx_ll_pwr.c                       0x00000000   Number         0  stm32f4xx_ll_pwr.o ABSOLUTE
    stm32f4xx_ll_rcc.c                       0x00000000   Number         0  stm32f4xx_ll_rcc.o ABSOLUTE
    stm32f4xx_ll_rng.c                       0x00000000   Number         0  stm32f4xx_ll_rng.o ABSOLUTE
    stm32f4xx_ll_rtc.c                       0x00000000   Number         0  stm32f4xx_ll_rtc.o ABSOLUTE
    stm32f4xx_ll_sdmmc.c                     0x00000000   Number         0  stm32f4xx_ll_sdmmc.o ABSOLUTE
    stm32f4xx_ll_spi.c                       0x00000000   Number         0  stm32f4xx_ll_spi.o ABSOLUTE
    stm32f4xx_ll_tim.c                       0x00000000   Number         0  stm32f4xx_ll_tim.o ABSOLUTE
    stm32f4xx_ll_usart.c                     0x00000000   Number         0  stm32f4xx_ll_usart.o ABSOLUTE
    stm32f4xx_ll_usb.c                       0x00000000   Number         0  stm32f4xx_ll_usb.o ABSOLUTE
    stm32f4xx_ll_utils.c                     0x00000000   Number         0  stm32f4xx_ll_utils.o ABSOLUTE
    sys.c                                    0x00000000   Number         0  sys.o ABSOLUTE
    system_stm32f4xx.c                       0x00000000   Number         0  system_stm32f4xx.o ABSOLUTE
    usart_config.c                           0x00000000   Number         0  usart_config.o ABSOLUTE
    RESET                                    0x08000000   Section      404  startup_stm32f401xe.o(RESET)
    !!!main                                  0x08000194   Section        8  __main.o(!!!main)
    !!!scatter                               0x0800019c   Section       92  __scatter.o(!!!scatter)
    !!handler_copy                           0x080001f8   Section       26  __scatter_copy.o(!!handler_copy)
    !!handler_null                           0x08000214   Section        2  __scatter.o(!!handler_null)
    !!handler_zi                             0x08000218   Section       28  __scatter_zi.o(!!handler_zi)
    .ARM.Collect$$libinit$$00000000          0x08000234   Section        2  libinit.o(.ARM.Collect$$libinit$$00000000)
    .ARM.Collect$$libinit$$00000001          0x08000236   Section        4  libinit2.o(.ARM.Collect$$libinit$$00000001)
    .ARM.Collect$$libinit$$00000004          0x0800023a   Section        0  libinit2.o(.ARM.Collect$$libinit$$00000004)
    .ARM.Collect$$libinit$$00000006          0x0800023a   Section        0  libinit2.o(.ARM.Collect$$libinit$$00000006)
    .ARM.Collect$$libinit$$0000000C          0x0800023a   Section        0  libinit2.o(.ARM.Collect$$libinit$$0000000C)
    .ARM.Collect$$libinit$$0000000E          0x0800023a   Section        0  libinit2.o(.ARM.Collect$$libinit$$0000000E)
    .ARM.Collect$$libinit$$00000010          0x0800023a   Section        0  libinit2.o(.ARM.Collect$$libinit$$00000010)
    .ARM.Collect$$libinit$$00000013          0x0800023a   Section        0  libinit2.o(.ARM.Collect$$libinit$$00000013)
    .ARM.Collect$$libinit$$00000015          0x0800023a   Section        0  libinit2.o(.ARM.Collect$$libinit$$00000015)
    .ARM.Collect$$libinit$$00000017          0x0800023a   Section        0  libinit2.o(.ARM.Collect$$libinit$$00000017)
    .ARM.Collect$$libinit$$00000019          0x0800023a   Section        0  libinit2.o(.ARM.Collect$$libinit$$00000019)
    .ARM.Collect$$libinit$$0000001B          0x0800023a   Section        0  libinit2.o(.ARM.Collect$$libinit$$0000001B)
    .ARM.Collect$$libinit$$0000001D          0x0800023a   Section        0  libinit2.o(.ARM.Collect$$libinit$$0000001D)
    .ARM.Collect$$libinit$$0000001F          0x0800023a   Section        0  libinit2.o(.ARM.Collect$$libinit$$0000001F)
    .ARM.Collect$$libinit$$00000021          0x0800023a   Section        0  libinit2.o(.ARM.Collect$$libinit$$00000021)
    .ARM.Collect$$libinit$$00000023          0x0800023a   Section        0  libinit2.o(.ARM.Collect$$libinit$$00000023)
    .ARM.Collect$$libinit$$00000025          0x0800023a   Section        0  libinit2.o(.ARM.Collect$$libinit$$00000025)
    .ARM.Collect$$libinit$$00000027          0x0800023a   Section        0  libinit2.o(.ARM.Collect$$libinit$$00000027)
    .ARM.Collect$$libinit$$0000002E          0x0800023a   Section        0  libinit2.o(.ARM.Collect$$libinit$$0000002E)
    .ARM.Collect$$libinit$$00000030          0x0800023a   Section        0  libinit2.o(.ARM.Collect$$libinit$$00000030)
    .ARM.Collect$$libinit$$00000032          0x0800023a   Section        0  libinit2.o(.ARM.Collect$$libinit$$00000032)
    .ARM.Collect$$libinit$$00000034          0x0800023a   Section        0  libinit2.o(.ARM.Collect$$libinit$$00000034)
    .ARM.Collect$$libinit$$00000035          0x0800023a   Section        2  libinit2.o(.ARM.Collect$$libinit$$00000035)
    .ARM.Collect$$libshutdown$$00000000      0x0800023c   Section        2  libshutdown.o(.ARM.Collect$$libshutdown$$00000000)
    .ARM.Collect$$libshutdown$$00000002      0x0800023e   Section        0  libshutdown2.o(.ARM.Collect$$libshutdown$$00000002)
    .ARM.Collect$$libshutdown$$00000004      0x0800023e   Section        0  libshutdown2.o(.ARM.Collect$$libshutdown$$00000004)
    .ARM.Collect$$libshutdown$$00000007      0x0800023e   Section        0  libshutdown2.o(.ARM.Collect$$libshutdown$$00000007)
    .ARM.Collect$$libshutdown$$0000000A      0x0800023e   Section        0  libshutdown2.o(.ARM.Collect$$libshutdown$$0000000A)
    .ARM.Collect$$libshutdown$$0000000C      0x0800023e   Section        0  libshutdown2.o(.ARM.Collect$$libshutdown$$0000000C)
    .ARM.Collect$$libshutdown$$0000000F      0x0800023e   Section        0  libshutdown2.o(.ARM.Collect$$libshutdown$$0000000F)
    .ARM.Collect$$libshutdown$$00000010      0x0800023e   Section        2  libshutdown2.o(.ARM.Collect$$libshutdown$$00000010)
    .ARM.Collect$$rtentry$$00000000          0x08000240   Section        0  __rtentry.o(.ARM.Collect$$rtentry$$00000000)
    .ARM.Collect$$rtentry$$00000002          0x08000240   Section        0  __rtentry2.o(.ARM.Collect$$rtentry$$00000002)
    .ARM.Collect$$rtentry$$00000004          0x08000240   Section        6  __rtentry4.o(.ARM.Collect$$rtentry$$00000004)
    .ARM.Collect$$rtentry$$00000009          0x08000246   Section        0  __rtentry2.o(.ARM.Collect$$rtentry$$00000009)
    .ARM.Collect$$rtentry$$0000000A          0x08000246   Section        4  __rtentry2.o(.ARM.Collect$$rtentry$$0000000A)
    .ARM.Collect$$rtentry$$0000000C          0x0800024a   Section        0  __rtentry2.o(.ARM.Collect$$rtentry$$0000000C)
    .ARM.Collect$$rtentry$$0000000D          0x0800024a   Section        8  __rtentry2.o(.ARM.Collect$$rtentry$$0000000D)
    .ARM.Collect$$rtexit$$00000000           0x08000252   Section        2  rtexit.o(.ARM.Collect$$rtexit$$00000000)
    .ARM.Collect$$rtexit$$00000002           0x08000254   Section        0  rtexit2.o(.ARM.Collect$$rtexit$$00000002)
    .ARM.Collect$$rtexit$$00000003           0x08000254   Section        4  rtexit2.o(.ARM.Collect$$rtexit$$00000003)
    .ARM.Collect$$rtexit$$00000004           0x08000258   Section        6  rtexit2.o(.ARM.Collect$$rtexit$$00000004)
    $v0                                      0x08000260   Number         0  startup_stm32f401xe.o(.text)
    .text                                    0x08000260   Section       64  startup_stm32f401xe.o(.text)
    .text                                    0x080002a0   Section      240  lludivv7m.o(.text)
    .text                                    0x08000390   Section        0  heapauxi.o(.text)
    .text                                    0x08000396   Section       74  sys_stackheap_outer.o(.text)
    .text                                    0x080003e0   Section        0  exit.o(.text)
    .text                                    0x080003f4   Section        8  libspace.o(.text)
    .text                                    0x080003fc   Section        0  sys_exit.o(.text)
    .text                                    0x08000408   Section        2  use_no_semi.o(.text)
    .text                                    0x0800040a   Section        0  indicate_semi.o(.text)
    [Anonymous Symbol]                       0x0800040c   Section        0  stm32f4xx_it.o(.text.BusFault_Handler)
    [Anonymous Symbol]                       0x08000410   Section        0  stm32f4xx_it.o(.text.DebugMon_Handler)
    [Anonymous Symbol]                       0x08000414   Section        0  stm32f4xx_it.o(.text.EXTI0_IRQHandler)
    [Anonymous Symbol]                       0x08000418   Section        0  emount_protocol.o(.text.Error_Handler)
    [Anonymous Symbol]                       0x0800042c   Section        0  stm32f4xx_hal_gpio.o(.text.HAL_GPIO_Init)
    [Anonymous Symbol]                       0x080005c0   Section        0  stm32f4xx_hal_gpio.o(.text.HAL_GPIO_ReadPin)
    [Anonymous Symbol]                       0x080005cc   Section        0  stm32f4xx_hal_gpio.o(.text.HAL_GPIO_TogglePin)
    [Anonymous Symbol]                       0x080005dc   Section        0  stm32f4xx_hal_gpio.o(.text.HAL_GPIO_WritePin)
    [Anonymous Symbol]                       0x080005e8   Section        0  stm32f4xx_hal.o(.text.HAL_GetTick)
    [Anonymous Symbol]                       0x080005f4   Section        0  stm32f4xx_hal.o(.text.HAL_IncTick)
    [Anonymous Symbol]                       0x08000610   Section        0  stm32f4xx_hal.o(.text.HAL_Init)
    [Anonymous Symbol]                       0x08000648   Section        0  stm32f4xx_hal.o(.text.HAL_InitTick)
    [Anonymous Symbol]                       0x08000698   Section        0  stm32f4xx_hal.o(.text.HAL_MspInit)
    [Anonymous Symbol]                       0x0800069c   Section        0  stm32f4xx_hal_cortex.o(.text.HAL_NVIC_SetPriority)
    [Anonymous Symbol]                       0x080006f4   Section        0  stm32f4xx_hal_cortex.o(.text.HAL_NVIC_SetPriorityGrouping)
    [Anonymous Symbol]                       0x08000714   Section        0  stm32f4xx_hal_rcc.o(.text.HAL_RCC_ClockConfig)
    [Anonymous Symbol]                       0x08000874   Section        0  stm32f4xx_hal_rcc.o(.text.HAL_RCC_GetSysClockFreq)
    [Anonymous Symbol]                       0x080008e0   Section        0  stm32f4xx_hal_rcc.o(.text.HAL_RCC_OscConfig)
    [Anonymous Symbol]                       0x08000c3c   Section        0  stm32f4xx_hal_cortex.o(.text.HAL_SYSTICK_Config)
    [Anonymous Symbol]                       0x08000c68   Section        0  stm32f4xx_it.o(.text.HardFault_Handler)
    [Anonymous Symbol]                       0x08000c6c   Section        0  stm32f4xx_it.o(.text.MemManage_Handler)
    [Anonymous Symbol]                       0x08000c70   Section        0  stm32f4xx_it.o(.text.NMI_Handler)
    [Anonymous Symbol]                       0x08000c74   Section        0  stm32f4xx_it.o(.text.PendSV_Handler)
    [Anonymous Symbol]                       0x08000c78   Section        0  stm32f4xx_it.o(.text.SVC_Handler)
    [Anonymous Symbol]                       0x08000c7c   Section        0  stm32f4xx_it.o(.text.SysTick_Handler)
    [Anonymous Symbol]                       0x08000c80   Section        0  system_stm32f4xx.o(.text.SystemInit)
    [Anonymous Symbol]                       0x08000c94   Section        0  stm32f4xx_it.o(.text.UsageFault_Handler)
    [Anonymous Symbol]                       0x08000c98   Section        0  delay.o(.text.delay_init)
    [Anonymous Symbol]                       0x08000ca4   Section        0  delay.o(.text.delay_ms)
    [Anonymous Symbol]                       0x08000ce8   Section        0  key.o(.text.key_init)
    [Anonymous Symbol]                       0x08000d3c   Section        0  key.o(.text.key_scan)
    [Anonymous Symbol]                       0x08000d74   Section        0  main.o(.text.main)
    $v0                                      0x08000e32   Number         0  fpinit.o(x$fpl$fpinit)
    x$fpl$fpinit                             0x08000e32   Section       26  fpinit.o(x$fpl$fpinit)
    .bss                                     0x20000010   Section       96  libspace.o(.bss)
    error_cb                                 0x20000070   Data           4  emount_protocol.o(.bss.error_cb)
    [Anonymous Symbol]                       0x20000070   Section        0  emount_protocol.o(.bss.error_cb)
    g_fac_us                                 0x20000074   Data           4  delay.o(.bss.g_fac_us)
    [Anonymous Symbol]                       0x20000074   Section        0  delay.o(.bss.g_fac_us)
    Heap_Mem                                 0x20000080   Data         512  startup_stm32f401xe.o(HEAP)
    HEAP                                     0x20000080   Section      512  startup_stm32f401xe.o(HEAP)
    Stack_Mem                                0x20000280   Data        1024  startup_stm32f401xe.o(STACK)
    STACK                                    0x20000280   Section     1024  startup_stm32f401xe.o(STACK)
    __initial_sp                             0x20000680   Data           0  startup_stm32f401xe.o(STACK)

    Global Symbols

    Symbol Name                              Value     Ov Type        Size  Object(Section)

    BuildAttributes$$THM_ISAv4$E$P$D$K$B$S$7EM$VFPi3$EXTD16$VFPS$VFMA$PE$A:L22UL41UL21$X:L11$S22US41US21$IEEE1$IW$~IW$USESV6$~STKCKD$USESV7$~SHL$OTIME$ROPI$EBA8$UX$STANDARDLIB$REQ8$PRES8$EABIv2 0x00000000   Number         0  anon$$obj.o ABSOLUTE
    __ARM_exceptions_init                     - Undefined Weak Reference
    __alloca_initialize                       - Undefined Weak Reference
    __arm_preinit_                            - Undefined Weak Reference
    __arm_relocate_pie_                       - Undefined Weak Reference
    __cpp_initialize__aeabi_                  - Undefined Weak Reference
    __cxa_finalize                            - Undefined Weak Reference
    __rt_locale                               - Undefined Weak Reference
    __sigvec_lookup                           - Undefined Weak Reference
    _atexit_init                              - Undefined Weak Reference
    _call_atexit_fns                          - Undefined Weak Reference
    _clock_init                               - Undefined Weak Reference
    _fp_trap_init                             - Undefined Weak Reference
    _fp_trap_shutdown                         - Undefined Weak Reference
    _get_lc_collate                           - Undefined Weak Reference
    _get_lc_ctype                             - Undefined Weak Reference
    _get_lc_monetary                          - Undefined Weak Reference
    _get_lc_numeric                           - Undefined Weak Reference
    _get_lc_time                              - Undefined Weak Reference
    _getenv_init                              - Undefined Weak Reference
    _handle_redirection                       - Undefined Weak Reference
    _init_alloc                               - Undefined Weak Reference
    _init_user_alloc                          - Undefined Weak Reference
    _initio                                   - Undefined Weak Reference
    _rand_init                                - Undefined Weak Reference
    _signal_finish                            - Undefined Weak Reference
    _signal_init                              - Undefined Weak Reference
    _terminate_alloc                          - Undefined Weak Reference
    _terminate_user_alloc                     - Undefined Weak Reference
    _terminateio                              - Undefined Weak Reference
    __Vectors_Size                           0x00000194   Number         0  startup_stm32f401xe.o ABSOLUTE
    __Vectors                                0x08000000   Data           4  startup_stm32f401xe.o(RESET)
    __Vectors_End                            0x08000194   Data           0  startup_stm32f401xe.o(RESET)
    __main                                   0x08000195   Thumb Code     8  __main.o(!!!main)
    __scatterload                            0x0800019d   Thumb Code     0  __scatter.o(!!!scatter)
    __scatterload_rt2                        0x0800019d   Thumb Code    84  __scatter.o(!!!scatter)
    __scatterload_rt2_thumb_only             0x0800019d   Thumb Code     0  __scatter.o(!!!scatter)
    __scatterload_loop                       0x080001a7   Thumb Code     0  __scatter.o(!!!scatter)
    __scatterload_copy                       0x080001f9   Thumb Code    26  __scatter_copy.o(!!handler_copy)
    __scatterload_null                       0x08000215   Thumb Code     2  __scatter.o(!!handler_null)
    __scatterload_zeroinit                   0x08000219   Thumb Code    28  __scatter_zi.o(!!handler_zi)
    __rt_lib_init                            0x08000235   Thumb Code     0  libinit.o(.ARM.Collect$$libinit$$00000000)
    __rt_lib_init_fp_1                       0x08000237   Thumb Code     0  libinit2.o(.ARM.Collect$$libinit$$00000001)
    __rt_lib_init_alloca_1                   0x0800023b   Thumb Code     0  libinit2.o(.ARM.Collect$$libinit$$00000030)
    __rt_lib_init_argv_1                     0x0800023b   Thumb Code     0  libinit2.o(.ARM.Collect$$libinit$$0000002E)
    __rt_lib_init_atexit_1                   0x0800023b   Thumb Code     0  libinit2.o(.ARM.Collect$$libinit$$0000001D)
    __rt_lib_init_clock_1                    0x0800023b   Thumb Code     0  libinit2.o(.ARM.Collect$$libinit$$00000023)
    __rt_lib_init_cpp_1                      0x0800023b   Thumb Code     0  libinit2.o(.ARM.Collect$$libinit$$00000034)
    __rt_lib_init_exceptions_1               0x0800023b   Thumb Code     0  libinit2.o(.ARM.Collect$$libinit$$00000032)
    __rt_lib_init_fp_trap_1                  0x0800023b   Thumb Code     0  libinit2.o(.ARM.Collect$$libinit$$00000021)
    __rt_lib_init_getenv_1                   0x0800023b   Thumb Code     0  libinit2.o(.ARM.Collect$$libinit$$00000025)
    __rt_lib_init_heap_1                     0x0800023b   Thumb Code     0  libinit2.o(.ARM.Collect$$libinit$$0000000C)
    __rt_lib_init_lc_collate_1               0x0800023b   Thumb Code     0  libinit2.o(.ARM.Collect$$libinit$$00000013)
    __rt_lib_init_lc_ctype_1                 0x0800023b   Thumb Code     0  libinit2.o(.ARM.Collect$$libinit$$00000015)
    __rt_lib_init_lc_monetary_1              0x0800023b   Thumb Code     0  libinit2.o(.ARM.Collect$$libinit$$00000017)
    __rt_lib_init_lc_numeric_1               0x0800023b   Thumb Code     0  libinit2.o(.ARM.Collect$$libinit$$00000019)
    __rt_lib_init_lc_time_1                  0x0800023b   Thumb Code     0  libinit2.o(.ARM.Collect$$libinit$$0000001B)
    __rt_lib_init_preinit_1                  0x0800023b   Thumb Code     0  libinit2.o(.ARM.Collect$$libinit$$00000006)
    __rt_lib_init_rand_1                     0x0800023b   Thumb Code     0  libinit2.o(.ARM.Collect$$libinit$$00000010)
    __rt_lib_init_relocate_pie_1             0x0800023b   Thumb Code     0  libinit2.o(.ARM.Collect$$libinit$$00000004)
    __rt_lib_init_return                     0x0800023b   Thumb Code     0  libinit2.o(.ARM.Collect$$libinit$$00000035)
    __rt_lib_init_signal_1                   0x0800023b   Thumb Code     0  libinit2.o(.ARM.Collect$$libinit$$0000001F)
    __rt_lib_init_stdio_1                    0x0800023b   Thumb Code     0  libinit2.o(.ARM.Collect$$libinit$$00000027)
    __rt_lib_init_user_alloc_1               0x0800023b   Thumb Code     0  libinit2.o(.ARM.Collect$$libinit$$0000000E)
    __rt_lib_shutdown                        0x0800023d   Thumb Code     0  libshutdown.o(.ARM.Collect$$libshutdown$$00000000)
    __rt_lib_shutdown_cpp_1                  0x0800023f   Thumb Code     0  libshutdown2.o(.ARM.Collect$$libshutdown$$00000002)
    __rt_lib_shutdown_fp_trap_1              0x0800023f   Thumb Code     0  libshutdown2.o(.ARM.Collect$$libshutdown$$00000007)
    __rt_lib_shutdown_heap_1                 0x0800023f   Thumb Code     0  libshutdown2.o(.ARM.Collect$$libshutdown$$0000000F)
    __rt_lib_shutdown_return                 0x0800023f   Thumb Code     0  libshutdown2.o(.ARM.Collect$$libshutdown$$00000010)
    __rt_lib_shutdown_signal_1               0x0800023f   Thumb Code     0  libshutdown2.o(.ARM.Collect$$libshutdown$$0000000A)
    __rt_lib_shutdown_stdio_1                0x0800023f   Thumb Code     0  libshutdown2.o(.ARM.Collect$$libshutdown$$00000004)
    __rt_lib_shutdown_user_alloc_1           0x0800023f   Thumb Code     0  libshutdown2.o(.ARM.Collect$$libshutdown$$0000000C)
    __rt_entry                               0x08000241   Thumb Code     0  __rtentry.o(.ARM.Collect$$rtentry$$00000000)
    __rt_entry_presh_1                       0x08000241   Thumb Code     0  __rtentry2.o(.ARM.Collect$$rtentry$$00000002)
    __rt_entry_sh                            0x08000241   Thumb Code     0  __rtentry4.o(.ARM.Collect$$rtentry$$00000004)
    __rt_entry_li                            0x08000247   Thumb Code     0  __rtentry2.o(.ARM.Collect$$rtentry$$0000000A)
    __rt_entry_postsh_1                      0x08000247   Thumb Code     0  __rtentry2.o(.ARM.Collect$$rtentry$$00000009)
    __rt_entry_main                          0x0800024b   Thumb Code     0  __rtentry2.o(.ARM.Collect$$rtentry$$0000000D)
    __rt_entry_postli_1                      0x0800024b   Thumb Code     0  __rtentry2.o(.ARM.Collect$$rtentry$$0000000C)
    __rt_exit                                0x08000253   Thumb Code     0  rtexit.o(.ARM.Collect$$rtexit$$00000000)
    __rt_exit_ls                             0x08000255   Thumb Code     0  rtexit2.o(.ARM.Collect$$rtexit$$00000003)
    __rt_exit_prels_1                        0x08000255   Thumb Code     0  rtexit2.o(.ARM.Collect$$rtexit$$00000002)
    __rt_exit_exit                           0x08000259   Thumb Code     0  rtexit2.o(.ARM.Collect$$rtexit$$00000004)
    Reset_Handler                            0x08000261   Thumb Code     8  startup_stm32f401xe.o(.text)
    ADC_IRQHandler                           0x0800027b   Thumb Code     0  startup_stm32f401xe.o(.text)
    DMA1_Stream0_IRQHandler                  0x0800027b   Thumb Code     0  startup_stm32f401xe.o(.text)
    DMA1_Stream1_IRQHandler                  0x0800027b   Thumb Code     0  startup_stm32f401xe.o(.text)
    DMA1_Stream2_IRQHandler                  0x0800027b   Thumb Code     0  startup_stm32f401xe.o(.text)
    DMA1_Stream3_IRQHandler                  0x0800027b   Thumb Code     0  startup_stm32f401xe.o(.text)
    DMA1_Stream4_IRQHandler                  0x0800027b   Thumb Code     0  startup_stm32f401xe.o(.text)
    DMA1_Stream5_IRQHandler                  0x0800027b   Thumb Code     0  startup_stm32f401xe.o(.text)
    DMA1_Stream6_IRQHandler                  0x0800027b   Thumb Code     0  startup_stm32f401xe.o(.text)
    DMA1_Stream7_IRQHandler                  0x0800027b   Thumb Code     0  startup_stm32f401xe.o(.text)
    DMA2_Stream0_IRQHandler                  0x0800027b   Thumb Code     0  startup_stm32f401xe.o(.text)
    DMA2_Stream1_IRQHandler                  0x0800027b   Thumb Code     0  startup_stm32f401xe.o(.text)
    DMA2_Stream2_IRQHandler                  0x0800027b   Thumb Code     0  startup_stm32f401xe.o(.text)
    DMA2_Stream3_IRQHandler                  0x0800027b   Thumb Code     0  startup_stm32f401xe.o(.text)
    DMA2_Stream4_IRQHandler                  0x0800027b   Thumb Code     0  startup_stm32f401xe.o(.text)
    DMA2_Stream5_IRQHandler                  0x0800027b   Thumb Code     0  startup_stm32f401xe.o(.text)
    DMA2_Stream6_IRQHandler                  0x0800027b   Thumb Code     0  startup_stm32f401xe.o(.text)
    DMA2_Stream7_IRQHandler                  0x0800027b   Thumb Code     0  startup_stm32f401xe.o(.text)
    EXTI15_10_IRQHandler                     0x0800027b   Thumb Code     0  startup_stm32f401xe.o(.text)
    EXTI1_IRQHandler                         0x0800027b   Thumb Code     0  startup_stm32f401xe.o(.text)
    EXTI2_IRQHandler                         0x0800027b   Thumb Code     0  startup_stm32f401xe.o(.text)
    EXTI3_IRQHandler                         0x0800027b   Thumb Code     0  startup_stm32f401xe.o(.text)
    EXTI4_IRQHandler                         0x0800027b   Thumb Code     0  startup_stm32f401xe.o(.text)
    EXTI9_5_IRQHandler                       0x0800027b   Thumb Code     0  startup_stm32f401xe.o(.text)
    FLASH_IRQHandler                         0x0800027b   Thumb Code     0  startup_stm32f401xe.o(.text)
    FPU_IRQHandler                           0x0800027b   Thumb Code     0  startup_stm32f401xe.o(.text)
    I2C1_ER_IRQHandler                       0x0800027b   Thumb Code     0  startup_stm32f401xe.o(.text)
    I2C1_EV_IRQHandler                       0x0800027b   Thumb Code     0  startup_stm32f401xe.o(.text)
    I2C2_ER_IRQHandler                       0x0800027b   Thumb Code     0  startup_stm32f401xe.o(.text)
    I2C2_EV_IRQHandler                       0x0800027b   Thumb Code     0  startup_stm32f401xe.o(.text)
    I2C3_ER_IRQHandler                       0x0800027b   Thumb Code     0  startup_stm32f401xe.o(.text)
    I2C3_EV_IRQHandler                       0x0800027b   Thumb Code     0  startup_stm32f401xe.o(.text)
    OTG_FS_IRQHandler                        0x0800027b   Thumb Code     0  startup_stm32f401xe.o(.text)
    OTG_FS_WKUP_IRQHandler                   0x0800027b   Thumb Code     0  startup_stm32f401xe.o(.text)
    PVD_IRQHandler                           0x0800027b   Thumb Code     0  startup_stm32f401xe.o(.text)
    RCC_IRQHandler                           0x0800027b   Thumb Code     0  startup_stm32f401xe.o(.text)
    RTC_Alarm_IRQHandler                     0x0800027b   Thumb Code     0  startup_stm32f401xe.o(.text)
    RTC_WKUP_IRQHandler                      0x0800027b   Thumb Code     0  startup_stm32f401xe.o(.text)
    SDIO_IRQHandler                          0x0800027b   Thumb Code     0  startup_stm32f401xe.o(.text)
    SPI1_IRQHandler                          0x0800027b   Thumb Code     0  startup_stm32f401xe.o(.text)
    SPI2_IRQHandler                          0x0800027b   Thumb Code     0  startup_stm32f401xe.o(.text)
    SPI3_IRQHandler                          0x0800027b   Thumb Code     0  startup_stm32f401xe.o(.text)
    SPI4_IRQHandler                          0x0800027b   Thumb Code     0  startup_stm32f401xe.o(.text)
    TAMP_STAMP_IRQHandler                    0x0800027b   Thumb Code     0  startup_stm32f401xe.o(.text)
    TIM1_BRK_TIM9_IRQHandler                 0x0800027b   Thumb Code     0  startup_stm32f401xe.o(.text)
    TIM1_CC_IRQHandler                       0x0800027b   Thumb Code     0  startup_stm32f401xe.o(.text)
    TIM1_TRG_COM_TIM11_IRQHandler            0x0800027b   Thumb Code     0  startup_stm32f401xe.o(.text)
    TIM1_UP_TIM10_IRQHandler                 0x0800027b   Thumb Code     0  startup_stm32f401xe.o(.text)
    TIM2_IRQHandler                          0x0800027b   Thumb Code     0  startup_stm32f401xe.o(.text)
    TIM3_IRQHandler                          0x0800027b   Thumb Code     0  startup_stm32f401xe.o(.text)
    TIM4_IRQHandler                          0x0800027b   Thumb Code     0  startup_stm32f401xe.o(.text)
    TIM5_IRQHandler                          0x0800027b   Thumb Code     0  startup_stm32f401xe.o(.text)
    USART1_IRQHandler                        0x0800027b   Thumb Code     0  startup_stm32f401xe.o(.text)
    USART2_IRQHandler                        0x0800027b   Thumb Code     0  startup_stm32f401xe.o(.text)
    USART6_IRQHandler                        0x0800027b   Thumb Code     0  startup_stm32f401xe.o(.text)
    WWDG_IRQHandler                          0x0800027b   Thumb Code     0  startup_stm32f401xe.o(.text)
    __user_initial_stackheap                 0x0800027d   Thumb Code     0  startup_stm32f401xe.o(.text)
    __aeabi_uldivmod                         0x080002a1   Thumb Code     0  lludivv7m.o(.text)
    _ll_udiv                                 0x080002a1   Thumb Code   240  lludivv7m.o(.text)
    __use_two_region_memory                  0x08000391   Thumb Code     2  heapauxi.o(.text)
    __rt_heap_escrow$2region                 0x08000393   Thumb Code     2  heapauxi.o(.text)
    __rt_heap_expand$2region                 0x08000395   Thumb Code     2  heapauxi.o(.text)
    __user_setup_stackheap                   0x08000397   Thumb Code    74  sys_stackheap_outer.o(.text)
    exit                                     0x080003e1   Thumb Code    18  exit.o(.text)
    __user_libspace                          0x080003f5   Thumb Code     8  libspace.o(.text)
    __user_perproc_libspace                  0x080003f5   Thumb Code     0  libspace.o(.text)
    __user_perthread_libspace                0x080003f5   Thumb Code     0  libspace.o(.text)
    _sys_exit                                0x080003fd   Thumb Code     8  sys_exit.o(.text)
    __I$use$semihosting                      0x08000409   Thumb Code     0  use_no_semi.o(.text)
    __use_no_semihosting_swi                 0x08000409   Thumb Code     2  use_no_semi.o(.text)
    __semihosting_library_function           0x0800040b   Thumb Code     0  indicate_semi.o(.text)
    BusFault_Handler                         0x0800040d   Thumb Code     2  stm32f4xx_it.o(.text.BusFault_Handler)
    DebugMon_Handler                         0x08000411   Thumb Code     2  stm32f4xx_it.o(.text.DebugMon_Handler)
    EXTI0_IRQHandler                         0x08000415   Thumb Code     2  stm32f4xx_it.o(.text.EXTI0_IRQHandler)
    Error_Handler                            0x08000419   Thumb Code    18  emount_protocol.o(.text.Error_Handler)
    HAL_GPIO_Init                            0x0800042d   Thumb Code   404  stm32f4xx_hal_gpio.o(.text.HAL_GPIO_Init)
    HAL_GPIO_ReadPin                         0x080005c1   Thumb Code    10  stm32f4xx_hal_gpio.o(.text.HAL_GPIO_ReadPin)
    HAL_GPIO_TogglePin                       0x080005cd   Thumb Code    16  stm32f4xx_hal_gpio.o(.text.HAL_GPIO_TogglePin)
    HAL_GPIO_WritePin                        0x080005dd   Thumb Code    10  stm32f4xx_hal_gpio.o(.text.HAL_GPIO_WritePin)
    HAL_GetTick                              0x080005e9   Thumb Code    12  stm32f4xx_hal.o(.text.HAL_GetTick)
    HAL_IncTick                              0x080005f5   Thumb Code    26  stm32f4xx_hal.o(.text.HAL_IncTick)
    HAL_Init                                 0x08000611   Thumb Code    54  stm32f4xx_hal.o(.text.HAL_Init)
    HAL_InitTick                             0x08000649   Thumb Code    80  stm32f4xx_hal.o(.text.HAL_InitTick)
    HAL_MspInit                              0x08000699   Thumb Code     2  stm32f4xx_hal.o(.text.HAL_MspInit)
    HAL_NVIC_SetPriority                     0x0800069d   Thumb Code    86  stm32f4xx_hal_cortex.o(.text.HAL_NVIC_SetPriority)
    HAL_NVIC_SetPriorityGrouping             0x080006f5   Thumb Code    32  stm32f4xx_hal_cortex.o(.text.HAL_NVIC_SetPriorityGrouping)
    HAL_RCC_ClockConfig                      0x08000715   Thumb Code   352  stm32f4xx_hal_rcc.o(.text.HAL_RCC_ClockConfig)
    HAL_RCC_GetSysClockFreq                  0x08000875   Thumb Code   106  stm32f4xx_hal_rcc.o(.text.HAL_RCC_GetSysClockFreq)
    HAL_RCC_OscConfig                        0x080008e1   Thumb Code   860  stm32f4xx_hal_rcc.o(.text.HAL_RCC_OscConfig)
    HAL_SYSTICK_Config                       0x08000c3d   Thumb Code    44  stm32f4xx_hal_cortex.o(.text.HAL_SYSTICK_Config)
    HardFault_Handler                        0x08000c69   Thumb Code     2  stm32f4xx_it.o(.text.HardFault_Handler)
    MemManage_Handler                        0x08000c6d   Thumb Code     2  stm32f4xx_it.o(.text.MemManage_Handler)
    NMI_Handler                              0x08000c71   Thumb Code     2  stm32f4xx_it.o(.text.NMI_Handler)
    PendSV_Handler                           0x08000c75   Thumb Code     2  stm32f4xx_it.o(.text.PendSV_Handler)
    SVC_Handler                              0x08000c79   Thumb Code     2  stm32f4xx_it.o(.text.SVC_Handler)
    SysTick_Handler                          0x08000c7d   Thumb Code     4  stm32f4xx_it.o(.text.SysTick_Handler)
    SystemInit                               0x08000c81   Thumb Code    18  system_stm32f4xx.o(.text.SystemInit)
    UsageFault_Handler                       0x08000c95   Thumb Code     2  stm32f4xx_it.o(.text.UsageFault_Handler)
    delay_init                               0x08000c99   Thumb Code    12  delay.o(.text.delay_init)
    delay_ms                                 0x08000ca5   Thumb Code    66  delay.o(.text.delay_ms)
    key_init                                 0x08000ce9   Thumb Code    84  key.o(.text.key_init)
    key_scan                                 0x08000d3d   Thumb Code    54  key.o(.text.key_scan)
    main                                     0x08000d75   Thumb Code   190  main.o(.text.main)
    _fp_init                                 0x08000e33   Thumb Code    26  fpinit.o(x$fpl$fpinit)
    __fplib_config_fpu_vfp                   0x08000e4b   Thumb Code     0  fpinit.o(x$fpl$fpinit)
    __fplib_config_pureend_doubles           0x08000e4b   Thumb Code     0  fpinit.o(x$fpl$fpinit)
    AHBPrescTable                            0x08000e4c   Data          16  system_stm32f4xx.o(.rodata.AHBPrescTable)
    Region$$Table$$Base                      0x08000e5c   Number         0  anon$$obj.o(Region$$Table)
    Region$$Table$$Limit                     0x08000e7c   Number         0  anon$$obj.o(Region$$Table)
    SystemCoreClock                          0x20000000   Data           4  system_stm32f4xx.o(.data.SystemCoreClock)
    uwTickFreq                               0x20000004   Data           1  stm32f4xx_hal.o(.data.uwTickFreq)
    uwTickPrio                               0x20000008   Data           4  stm32f4xx_hal.o(.data.uwTickPrio)
    __libspace_start                         0x20000010   Data          96  libspace.o(.bss)
    __temporary_stack_top$libspace           0x20000070   Data           0  libspace.o(.bss)
    uwTick                                   0x20000078   Data           4  stm32f4xx_hal.o(.bss.uwTick)



==============================================================================

Memory Map of the image

  Image Entry point : 0x08000195

  Load Region LR_IROM1 (Base: 0x08000000, Size: 0x00000e90, Max: 0x00080000, ABSOLUTE)

    Execution Region ER_IROM1 (Exec base: 0x08000000, Load base: 0x08000000, Size: 0x00000e7c, Max: 0x00080000, ABSOLUTE)

    Exec Addr    Load Addr    Size         Type   Attr      Idx    E Section Name        Object

    0x08000000   0x08000000   0x00000194   Data   RO          870    RESET               startup_stm32f401xe.o
    0x08000194   0x08000194   0x00000008   Code   RO         1064  * !!!main             c_w.l(__main.o)
    0x0800019c   0x0800019c   0x0000005c   Code   RO         1241    !!!scatter          c_w.l(__scatter.o)
    0x080001f8   0x080001f8   0x0000001a   Code   RO         1245    !!handler_copy      c_w.l(__scatter_copy.o)
    0x08000212   0x08000212   0x00000002   PAD
    0x08000214   0x08000214   0x00000002   Code   RO         1242    !!handler_null      c_w.l(__scatter.o)
    0x08000216   0x08000216   0x00000002   PAD
    0x08000218   0x08000218   0x0000001c   Code   RO         1247    !!handler_zi        c_w.l(__scatter_zi.o)
    0x08000234   0x08000234   0x00000002   Code   RO         1103    .ARM.Collect$$libinit$$00000000  c_w.l(libinit.o)
    0x08000236   0x08000236   0x00000004   Code   RO         1115    .ARM.Collect$$libinit$$00000001  c_w.l(libinit2.o)
    0x0800023a   0x0800023a   0x00000000   Code   RO         1118    .ARM.Collect$$libinit$$00000004  c_w.l(libinit2.o)
    0x0800023a   0x0800023a   0x00000000   Code   RO         1120    .ARM.Collect$$libinit$$00000006  c_w.l(libinit2.o)
    0x0800023a   0x0800023a   0x00000000   Code   RO         1123    .ARM.Collect$$libinit$$0000000C  c_w.l(libinit2.o)
    0x0800023a   0x0800023a   0x00000000   Code   RO         1125    .ARM.Collect$$libinit$$0000000E  c_w.l(libinit2.o)
    0x0800023a   0x0800023a   0x00000000   Code   RO         1127    .ARM.Collect$$libinit$$00000010  c_w.l(libinit2.o)
    0x0800023a   0x0800023a   0x00000000   Code   RO         1130    .ARM.Collect$$libinit$$00000013  c_w.l(libinit2.o)
    0x0800023a   0x0800023a   0x00000000   Code   RO         1132    .ARM.Collect$$libinit$$00000015  c_w.l(libinit2.o)
    0x0800023a   0x0800023a   0x00000000   Code   RO         1134    .ARM.Collect$$libinit$$00000017  c_w.l(libinit2.o)
    0x0800023a   0x0800023a   0x00000000   Code   RO         1136    .ARM.Collect$$libinit$$00000019  c_w.l(libinit2.o)
    0x0800023a   0x0800023a   0x00000000   Code   RO         1138    .ARM.Collect$$libinit$$0000001B  c_w.l(libinit2.o)
    0x0800023a   0x0800023a   0x00000000   Code   RO         1140    .ARM.Collect$$libinit$$0000001D  c_w.l(libinit2.o)
    0x0800023a   0x0800023a   0x00000000   Code   RO         1142    .ARM.Collect$$libinit$$0000001F  c_w.l(libinit2.o)
    0x0800023a   0x0800023a   0x00000000   Code   RO         1144    .ARM.Collect$$libinit$$00000021  c_w.l(libinit2.o)
    0x0800023a   0x0800023a   0x00000000   Code   RO         1146    .ARM.Collect$$libinit$$00000023  c_w.l(libinit2.o)
    0x0800023a   0x0800023a   0x00000000   Code   RO         1148    .ARM.Collect$$libinit$$00000025  c_w.l(libinit2.o)
    0x0800023a   0x0800023a   0x00000000   Code   RO         1150    .ARM.Collect$$libinit$$00000027  c_w.l(libinit2.o)
    0x0800023a   0x0800023a   0x00000000   Code   RO         1154    .ARM.Collect$$libinit$$0000002E  c_w.l(libinit2.o)
    0x0800023a   0x0800023a   0x00000000   Code   RO         1156    .ARM.Collect$$libinit$$00000030  c_w.l(libinit2.o)
    0x0800023a   0x0800023a   0x00000000   Code   RO         1158    .ARM.Collect$$libinit$$00000032  c_w.l(libinit2.o)
    0x0800023a   0x0800023a   0x00000000   Code   RO         1160    .ARM.Collect$$libinit$$00000034  c_w.l(libinit2.o)
    0x0800023a   0x0800023a   0x00000002   Code   RO         1161    .ARM.Collect$$libinit$$00000035  c_w.l(libinit2.o)
    0x0800023c   0x0800023c   0x00000002   Code   RO         1196    .ARM.Collect$$libshutdown$$00000000  c_w.l(libshutdown.o)
    0x0800023e   0x0800023e   0x00000000   Code   RO         1224    .ARM.Collect$$libshutdown$$00000002  c_w.l(libshutdown2.o)
    0x0800023e   0x0800023e   0x00000000   Code   RO         1226    .ARM.Collect$$libshutdown$$00000004  c_w.l(libshutdown2.o)
    0x0800023e   0x0800023e   0x00000000   Code   RO         1229    .ARM.Collect$$libshutdown$$00000007  c_w.l(libshutdown2.o)
    0x0800023e   0x0800023e   0x00000000   Code   RO         1232    .ARM.Collect$$libshutdown$$0000000A  c_w.l(libshutdown2.o)
    0x0800023e   0x0800023e   0x00000000   Code   RO         1234    .ARM.Collect$$libshutdown$$0000000C  c_w.l(libshutdown2.o)
    0x0800023e   0x0800023e   0x00000000   Code   RO         1237    .ARM.Collect$$libshutdown$$0000000F  c_w.l(libshutdown2.o)
    0x0800023e   0x0800023e   0x00000002   Code   RO         1238    .ARM.Collect$$libshutdown$$00000010  c_w.l(libshutdown2.o)
    0x08000240   0x08000240   0x00000000   Code   RO         1066    .ARM.Collect$$rtentry$$00000000  c_w.l(__rtentry.o)
    0x08000240   0x08000240   0x00000000   Code   RO         1074    .ARM.Collect$$rtentry$$00000002  c_w.l(__rtentry2.o)
    0x08000240   0x08000240   0x00000006   Code   RO         1086    .ARM.Collect$$rtentry$$00000004  c_w.l(__rtentry4.o)
    0x08000246   0x08000246   0x00000000   Code   RO         1076    .ARM.Collect$$rtentry$$00000009  c_w.l(__rtentry2.o)
    0x08000246   0x08000246   0x00000004   Code   RO         1077    .ARM.Collect$$rtentry$$0000000A  c_w.l(__rtentry2.o)
    0x0800024a   0x0800024a   0x00000000   Code   RO         1079    .ARM.Collect$$rtentry$$0000000C  c_w.l(__rtentry2.o)
    0x0800024a   0x0800024a   0x00000008   Code   RO         1080    .ARM.Collect$$rtentry$$0000000D  c_w.l(__rtentry2.o)
    0x08000252   0x08000252   0x00000002   Code   RO         1107    .ARM.Collect$$rtexit$$00000000  c_w.l(rtexit.o)
    0x08000254   0x08000254   0x00000000   Code   RO         1167    .ARM.Collect$$rtexit$$00000002  c_w.l(rtexit2.o)
    0x08000254   0x08000254   0x00000004   Code   RO         1168    .ARM.Collect$$rtexit$$00000003  c_w.l(rtexit2.o)
    0x08000258   0x08000258   0x00000006   Code   RO         1169    .ARM.Collect$$rtexit$$00000004  c_w.l(rtexit2.o)
    0x0800025e   0x0800025e   0x00000002   PAD
    0x08000260   0x08000260   0x00000040   Code   RO          871    .text               startup_stm32f401xe.o
    0x080002a0   0x080002a0   0x000000f0   Code   RO         1056    .text               c_w.l(lludivv7m.o)
    0x08000390   0x08000390   0x00000006   Code   RO         1062    .text               c_w.l(heapauxi.o)
    0x08000396   0x08000396   0x0000004a   Code   RO         1090    .text               c_w.l(sys_stackheap_outer.o)
    0x080003e0   0x080003e0   0x00000012   Code   RO         1092    .text               c_w.l(exit.o)
    0x080003f2   0x080003f2   0x00000002   PAD
    0x080003f4   0x080003f4   0x00000008   Code   RO         1104    .text               c_w.l(libspace.o)
    0x080003fc   0x080003fc   0x0000000c   Code   RO         1162    .text               c_w.l(sys_exit.o)
    0x08000408   0x08000408   0x00000002   Code   RO         1185    .text               c_w.l(use_no_semi.o)
    0x0800040a   0x0800040a   0x00000000   Code   RO         1187    .text               c_w.l(indicate_semi.o)
    0x0800040a   0x0800040a   0x00000002   PAD
    0x0800040c   0x0800040c   0x00000002   Code   RO          911    .text.BusFault_Handler  stm32f4xx_it.o
    0x0800040e   0x0800040e   0x00000002   PAD
    0x08000410   0x08000410   0x00000002   Code   RO          917    .text.DebugMon_Handler  stm32f4xx_it.o
    0x08000412   0x08000412   0x00000002   PAD
    0x08000414   0x08000414   0x00000002   Code   RO          923    .text.EXTI0_IRQHandler  stm32f4xx_it.o
    0x08000416   0x08000416   0x00000002   PAD
    0x08000418   0x08000418   0x00000012   Code   RO          949    .text.Error_Handler  emount_protocol.o
    0x0800042a   0x0800042a   0x00000002   PAD
    0x0800042c   0x0800042c   0x00000194   Code   RO          248    .text.HAL_GPIO_Init  stm32f4xx_hal_gpio.o
    0x080005c0   0x080005c0   0x0000000a   Code   RO          252    .text.HAL_GPIO_ReadPin  stm32f4xx_hal_gpio.o
    0x080005ca   0x080005ca   0x00000002   PAD
    0x080005cc   0x080005cc   0x00000010   Code   RO          256    .text.HAL_GPIO_TogglePin  stm32f4xx_hal_gpio.o
    0x080005dc   0x080005dc   0x0000000a   Code   RO          254    .text.HAL_GPIO_WritePin  stm32f4xx_hal_gpio.o
    0x080005e6   0x080005e6   0x00000002   PAD
    0x080005e8   0x080005e8   0x0000000c   Code   RO           14    .text.HAL_GetTick   stm32f4xx_hal.o
    0x080005f4   0x080005f4   0x0000001a   Code   RO           12    .text.HAL_IncTick   stm32f4xx_hal.o
    0x0800060e   0x0800060e   0x00000002   PAD
    0x08000610   0x08000610   0x00000036   Code   RO            2    .text.HAL_Init      stm32f4xx_hal.o
    0x08000646   0x08000646   0x00000002   PAD
    0x08000648   0x08000648   0x00000050   Code   RO            4    .text.HAL_InitTick  stm32f4xx_hal.o
    0x08000698   0x08000698   0x00000002   Code   RO            6    .text.HAL_MspInit   stm32f4xx_hal.o
    0x0800069a   0x0800069a   0x00000002   PAD
    0x0800069c   0x0800069c   0x00000056   Code   RO           73    .text.HAL_NVIC_SetPriority  stm32f4xx_hal_cortex.o
    0x080006f2   0x080006f2   0x00000002   PAD
    0x080006f4   0x080006f4   0x00000020   Code   RO           71    .text.HAL_NVIC_SetPriorityGrouping  stm32f4xx_hal_cortex.o
    0x08000714   0x08000714   0x00000160   Code   RO          509    .text.HAL_RCC_ClockConfig  stm32f4xx_hal_rcc.o
    0x08000874   0x08000874   0x0000006a   Code   RO          511    .text.HAL_RCC_GetSysClockFreq  stm32f4xx_hal_rcc.o
    0x080008de   0x080008de   0x00000002   PAD
    0x080008e0   0x080008e0   0x0000035c   Code   RO          507    .text.HAL_RCC_OscConfig  stm32f4xx_hal_rcc.o
    0x08000c3c   0x08000c3c   0x0000002c   Code   RO           83    .text.HAL_SYSTICK_Config  stm32f4xx_hal_cortex.o
    0x08000c68   0x08000c68   0x00000002   Code   RO          907    .text.HardFault_Handler  stm32f4xx_it.o
    0x08000c6a   0x08000c6a   0x00000002   PAD
    0x08000c6c   0x08000c6c   0x00000002   Code   RO          909    .text.MemManage_Handler  stm32f4xx_it.o
    0x08000c6e   0x08000c6e   0x00000002   PAD
    0x08000c70   0x08000c70   0x00000002   Code   RO          905    .text.NMI_Handler   stm32f4xx_it.o
    0x08000c72   0x08000c72   0x00000002   PAD
    0x08000c74   0x08000c74   0x00000002   Code   RO          919    .text.PendSV_Handler  stm32f4xx_it.o
    0x08000c76   0x08000c76   0x00000002   PAD
    0x08000c78   0x08000c78   0x00000002   Code   RO          915    .text.SVC_Handler   stm32f4xx_it.o
    0x08000c7a   0x08000c7a   0x00000002   PAD
    0x08000c7c   0x08000c7c   0x00000004   Code   RO          921    .text.SysTick_Handler  stm32f4xx_it.o
    0x08000c80   0x08000c80   0x00000012   Code   RO          932    .text.SystemInit    system_stm32f4xx.o
    0x08000c92   0x08000c92   0x00000002   PAD
    0x08000c94   0x08000c94   0x00000002   Code   RO          913    .text.UsageFault_Handler  stm32f4xx_it.o
    0x08000c96   0x08000c96   0x00000002   PAD
    0x08000c98   0x08000c98   0x0000000c   Code   RO         1012    .text.delay_init    delay.o
    0x08000ca4   0x08000ca4   0x00000042   Code   RO         1016    .text.delay_ms      delay.o
    0x08000ce6   0x08000ce6   0x00000002   PAD
    0x08000ce8   0x08000ce8   0x00000054   Code   RO         1001    .text.key_init      key.o
    0x08000d3c   0x08000d3c   0x00000036   Code   RO         1003    .text.key_scan      key.o
    0x08000d72   0x08000d72   0x00000002   PAD
    0x08000d74   0x08000d74   0x000000be   Code   RO          878    .text.main          main.o
    0x08000e32   0x08000e32   0x0000001a   Code   RO         1179    x$fpl$fpinit        fz_wm.l(fpinit.o)
    0x08000e4c   0x08000e4c   0x00000010   Data   RO          937    .rodata.AHBPrescTable  system_stm32f4xx.o
    0x08000e5c   0x08000e5c   0x00000020   Data   RO         1240    Region$$Table       anon$$obj.o


    Execution Region RW_IRAM1 (Exec base: 0x20000000, Load base: 0x08000e80, Size: 0x00000680, Max: 0x00018000, ABSOLUTE)

    Exec Addr    Load Addr    Size         Type   Attr      Idx    E Section Name        Object

    0x20000000   0x08000e80   0x00000004   Data   RW          936    .data.SystemCoreClock  system_stm32f4xx.o
    0x20000004   0x08000e84   0x00000001   Data   RW           57    .data.uwTickFreq    stm32f4xx_hal.o
    0x20000005   0x08000e85   0x00000003   PAD
    0x20000008   0x08000e88   0x00000004   Data   RW           56    .data.uwTickPrio    stm32f4xx_hal.o
    0x2000000c   0x08000e8c   0x00000004   PAD
    0x20000010        -       0x00000060   Zero   RW         1105    .bss                c_w.l(libspace.o)
    0x20000070        -       0x00000004   Zero   RW          973    .bss.error_cb       emount_protocol.o
    0x20000074        -       0x00000004   Zero   RW         1020    .bss.g_fac_us       delay.o
    0x20000078        -       0x00000004   Zero   RW           58    .bss.uwTick         stm32f4xx_hal.o
    0x2000007c   0x08000e8c   0x00000004   PAD
    0x20000080        -       0x00000200   Zero   RW          869    HEAP                startup_stm32f401xe.o
    0x20000280        -       0x00000400   Zero   RW          868    STACK               startup_stm32f401xe.o


==============================================================================

Image component sizes


      Code (inc. data)   RO Data    RW Data    ZI Data      Debug   Object Name

        78          0          0          0          4       2498   delay.o
        18          0          0          0          4      10594   emount_protocol.o
       138          0          0          0          0       2219   key.o
       190          0          0          0          0       6484   main.o
        64         26        404          0       1536        876   startup_stm32f401xe.o
       174          0          0          5          4       6771   stm32f4xx_hal.o
       162          0          0          0          0      10180   stm32f4xx_hal_cortex.o
       440          0          0          0          0       5090   stm32f4xx_hal_gpio.o
      1318          4          0          0          0       7494   stm32f4xx_hal_rcc.o
        22          0          0          0          0       1220   stm32f4xx_it.o
        18          0         16          4          0       2705   system_stm32f4xx.o

    ----------------------------------------------------------------------
      2662         30        452         12       1556      56131   Object Totals
         0          0         32          0          0          0   (incl. Generated)
        40          0          0          3          8          0   (incl. Padding)

    ----------------------------------------------------------------------

      Code (inc. data)   RO Data    RW Data    ZI Data      Debug   Library Member Name

         8          0          0          0          0         68   __main.o
         0          0          0          0          0          0   __rtentry.o
        12          0          0          0          0          0   __rtentry2.o
         6          0          0          0          0          0   __rtentry4.o
        94          8          0          0          0          0   __scatter.o
        26          0          0          0          0          0   __scatter_copy.o
        28          0          0          0          0          0   __scatter_zi.o
        18          0          0          0          0         80   exit.o
         6          0          0          0          0        152   heapauxi.o
         0          0          0          0          0          0   indicate_semi.o
         2          0          0          0          0          0   libinit.o
         6          0          0          0          0          0   libinit2.o
         2          0          0          0          0          0   libshutdown.o
         2          0          0          0          0          0   libshutdown2.o
         8          4          0          0         96         68   libspace.o
       240          0          0          0          0        100   lludivv7m.o
         2          0          0          0          0          0   rtexit.o
        10          0          0          0          0          0   rtexit2.o
        12          4          0          0          0         68   sys_exit.o
        74          0          0          0          0         80   sys_stackheap_outer.o
         2          0          0          0          0         68   use_no_semi.o
        26          0          0          0          0        116   fpinit.o

    ----------------------------------------------------------------------
       594         16          0          0         96        800   Library Totals
        10          0          0          0          0          0   (incl. Padding)

    ----------------------------------------------------------------------

      Code (inc. data)   RO Data    RW Data    ZI Data      Debug   Library Name

       558         16          0          0         96        684   c_w.l
        26          0          0          0          0        116   fz_wm.l

    ----------------------------------------------------------------------
       594         16          0          0         96        800   Library Totals

    ----------------------------------------------------------------------

==============================================================================


      Code (inc. data)   RO Data    RW Data    ZI Data      Debug   

      3256         46        452         12       1652      56611   Grand Totals
      3256         46        452         12       1652      56611   ELF Image Totals
      3256         46        452         12          0          0   ROM Totals

==============================================================================

    Total RO  Size (Code + RO Data)                 3708 (   3.62kB)
    Total RW  Size (RW Data + ZI Data)              1664 (   1.62kB)
    Total ROM Size (Code + RO Data + RW Data)       3720 (   3.63kB)

==============================================================================

