<html>
<body>
<pre>
<h1>�Vision Build Log</h1>
<h2>Tool Versions:</h2>
IDE-Version: ��Vision V5.38.0.0
Copyright (C) 2022 ARM Ltd and ARM Germany GmbH. All rights reserved.
License Information: qi shen, Microsoft, LIC=SDA0P-M8CGM-Y85FK-ZZ1L9-QC6LC-LQJJH
 
Tool Versions:
Toolchain:       MDK-ARM Plus  Version: 5.43.0.0
Toolchain Path:  C:\Users\user\AppData\Local\Keil_v5\ARM\ARMCLANG\Bin
C Compiler:      ArmClang.exe V6.24
Assembler:       Armasm.exe V6.24
Linker/Locator:  ArmLink.exe V6.24
Library Manager: ArmAr.exe V6.24
Hex Converter:   FromElf.exe V6.24
CPU DLL:         SARMCM3.DLL V5.43.0.0
Dialog DLL:      DCM.DLL V1.17.5.0
Target DLL:      UL2CM3.DLL V1.164.16.0
Dialog DLL:      TCM.DLL V1.56.6.0
 
<h2>Project:</h2>
C:\Users\user\Desktop\stm32_hal_study\stm32f401_camera\MDK-ARM\stm32f401_camera.uvprojx
Project File Date:  01/18/2026

<h2>Output:</h2>
*** Using Compiler 'V6.24', folder: 'C:\Users\user\AppData\Local\Keil_v5\ARM\ARMCLANG\Bin'
Rebuild target 'Target 1'
Note: source file '..\Library\Src\Legacy\stm32f4xx_hal_can.c' - object file renamed from '.\Objects\stm32f4xx_hal_can.o' to '.\Objects\stm32f4xx_hal_can_1.o'.
Note: source file '..\Library\Src\Legacy\stm32f4xx_hal_eth.c' - object file renamed from '.\Objects\stm32f4xx_hal_eth.o' to '.\Objects\stm32f4xx_hal_eth_1.o'.
compiling stm32f4xx_hal_dac.c...
compiling stm32f4xx_hal_adc.c...
compiling stm32f4xx_hal_dac_ex.c...
compiling stm32f4xx_hal_cec.c...
compiling stm32f4xx_hal_cryp_ex.c...
compiling stm32f4xx_hal_adc_ex.c...
compiling stm32f4xx_hal_crc.c...
compiling stm32f4xx_hal_can.c...
compiling stm32f4xx_hal_cryp.c...
compiling stm32f4xx_hal.c...
compiling stm32f4xx_hal_cortex.c...
compiling stm32f4xx_hal_dcmi_ex.c...
compiling stm32f4xx_hal_dcmi.c...
compiling stm32f4xx_hal_dfsdm.c...
compiling stm32f4xx_hal_dma.c...
compiling stm32f4xx_hal_dma2d.c...
compiling stm32f4xx_hal_dma_ex.c...
compiling stm32f4xx_hal_dsi.c...
compiling stm32f4xx_hal_eth.c...
compiling stm32f4xx_hal_exti.c...
compiling stm32f4xx_hal_flash_ramfunc.c...
compiling stm32f4xx_hal_flash.c...
compiling stm32f4xx_hal_fmpi2c.c...
compiling stm32f4xx_hal_flash_ex.c...
compiling stm32f4xx_hal_fmpi2c_ex.c...
compiling stm32f4xx_hal_fmpsmbus.c...
compiling stm32f4xx_hal_fmpsmbus_ex.c...
compiling stm32f4xx_hal_gpio.c...
compiling stm32f4xx_hal_hash.c...
compiling stm32f4xx_hal_hash_ex.c...
compiling stm32f4xx_hal_hcd.c...
compiling stm32f4xx_hal_i2c_ex.c...
compiling stm32f4xx_hal_i2s.c...
compiling stm32f4xx_hal_i2s_ex.c...
compiling stm32f4xx_hal_iwdg.c...
compiling stm32f4xx_hal_irda.c...
compiling stm32f4xx_hal_lptim.c...
compiling stm32f4xx_hal_ltdc_ex.c...
compiling stm32f4xx_hal_ltdc.c...
compiling stm32f4xx_hal_nor.c...
compiling stm32f4xx_hal_mmc.c...
compiling stm32f4xx_hal_nand.c...
compiling stm32f4xx_hal_pccard.c...
compiling stm32f4xx_hal_pcd.c...
compiling stm32f4xx_hal_pcd_ex.c...
compiling stm32f4xx_hal_pwr_ex.c...
compiling stm32f4xx_hal_pwr.c...
compiling stm32f4xx_hal_qspi.c...
compiling stm32f4xx_hal_rcc.c...
compiling stm32f4xx_hal_rng.c...
compiling stm32f4xx_hal_rcc_ex.c...
compiling stm32f4xx_hal_rtc.c...
compiling stm32f4xx_hal_rtc_ex.c...
compiling stm32f4xx_hal_sai.c...
compiling stm32f4xx_hal_sai_ex.c...
compiling stm32f4xx_hal_i2c.c...
compiling stm32f4xx_hal_sdram.c...
compiling stm32f4xx_hal_sd.c...
compiling stm32f4xx_hal_smartcard.c...
compiling stm32f4xx_hal_spdifrx.c...
compiling stm32f4xx_hal_smbus.c...
compiling stm32f4xx_hal_sram.c...
compiling stm32f4xx_hal_tim.c...
compiling stm32f4xx_hal_tim_ex.c...
compiling stm32f4xx_hal_usart.c...
compiling stm32f4xx_ll_adc.c...
compiling stm32f4xx_hal_wwdg.c...
compiling stm32f4xx_ll_crc.c...
compiling stm32f4xx_ll_dac.c...
compiling stm32f4xx_ll_dma.c...
compiling stm32f4xx_ll_dma2d.c...
compiling stm32f4xx_ll_exti.c...
compiling stm32f4xx_hal_spi.c...
compiling stm32f4xx_ll_fmc.c...
compiling stm32f4xx_ll_fmpi2c.c...
compiling stm32f4xx_ll_gpio.c...
compiling stm32f4xx_hal_uart.c...
compiling stm32f4xx_ll_i2c.c...
compiling stm32f4xx_ll_pwr.c...
compiling stm32f4xx_ll_lptim.c...
compiling stm32f4xx_ll_fsmc.c...
compiling stm32f4xx_ll_rtc.c...
compiling stm32f4xx_ll_rng.c...
compiling stm32f4xx_ll_rcc.c...
compiling stm32f4xx_ll_sdmmc.c...
compiling stm32f4xx_ll_usart.c...
compiling stm32f4xx_ll_tim.c...
compiling stm32f4xx_ll_spi.c...
compiling stm32f4xx_ll_usb.c...
compiling stm32f4xx_hal_eth.c...
compiling stm32f4xx_hal_can.c...
compiling main.c...
compiling stm32f4xx_ll_utils.c...
compiling stm32f4xx_it.c...
compiling system_stm32f4xx.c...
compiling usart_config.c...
assembling startup_stm32f401xe.s...
compiling gpio_config.c...
compiling key.c...
../BSP/src/emount_protocol.c(26): warning: implicit conversion from 'int' to 'uint8_t' (aka 'unsigned char') changes value from 4660 to 52 [-Wconstant-conversion]
   21 | static LensParams lens_params = {
      |                                 ~
   22 |     .focal_length = 50,    // 50mm
   23 |     .aperture = 280,       // f/2.8
   24 |     .focus_mode = 0,       // 手动对焦
   25 |     .aperture_mode = 0,    // 手动光圈
   26 |     .lens_id = 0x1234
      |                ^~~~~~
1 warning generated.
compiling emount_protocol.c...
compiling delay.c...
compiling sys.c...
linking...
Program Size: Code=3256 RO-data=452 RW-data=12 ZI-data=1652  
FromELF: creating hex file...
".\Objects\stm32f401_camera.axf" - 0 Error(s), 1 Warning(s).

<h2>Software Packages used:</h2>

Package Vendor: Keil
                https://www.keil.com/pack/Keil.STM32F4xx_DFP.3.1.1.pack
                Keil.STM32F4xx_DFP.3.1.1
                STMicroelectronics STM32F4 Series Device Support

<h2>Collection of Component include folders:</h2>

<h2>Collection of Component Files used:</h2>
Build Time Elapsed:  00:00:03
</pre>
</body>
</html>
