<html>
<body>
<pre>
<h1>µVision Build Log</h1>
<h2>Tool Versions:</h2>
IDE-Version: ¦ÌVision V5.38.0.0
Copyright (C) 2022 ARM Ltd and ARM Germany GmbH. All rights reserved.
License Information: qi shen, Microsoft, LIC=SDA0P-M8CGM-Y85FK-ZZ1L9-QC6LC-LQJJH
 
Tool Versions:
Toolchain:       MDK-ARM Plus  Version: 5.43.0.0
Toolchain Path:  C:\Users\user\AppData\Local\Keil_v5\ARM\ARMCLANG\Bin
C Compiler:      ArmClang.exe V6.24
Assembler:       Armasm.exe V6.24
Linker/Locator:  ArmLink.exe V6.24
Library Manager: ArmAr.exe V6.24
Hex Converter:   FromElf.exe V6.24
CPU DLL:         SARMCM3.DLL V5.43.0.0
Dialog DLL:      DCM.DLL V1.17.5.0
Target DLL:      UL2CM3.DLL V1.164.16.0
Dialog DLL:      TCM.DLL V1.56.6.0
 
<h2>Project:</h2>
C:\Users\user\Desktop\stm32_hal_study\stm32f401_camera\MDK-ARM\stm32f401_camera.uvprojx
Project File Date:  01/15/2026

<h2>Output:</h2>
*** Using Compiler 'V6.24', folder: 'C:\Users\user\AppData\Local\Keil_v5\ARM\ARMCLANG\Bin'
Build target 'Target 1'
Note: source file '..\Library\Src\Legacy\stm32f4xx_hal_can.c' - object file renamed from '.\Objects\stm32f4xx_hal_can.o' to '.\Objects\stm32f4xx_hal_can_1.o'.
Note: source file '..\Library\Src\Legacy\stm32f4xx_hal_eth.c' - object file renamed from '.\Objects\stm32f4xx_hal_eth.o' to '.\Objects\stm32f4xx_hal_eth_1.o'.
compiling usart_config.c...
compiling gpio_config.c...
compiling main.c...
linking...
Program Size: Code=5150 RO-data=462 RW-data=12 ZI-data=1860  
FromELF: creating hex file...
".\Objects\stm32f401_camera.axf" - 0 Error(s), 0 Warning(s).

<h2>Software Packages used:</h2>

Package Vendor: Keil
                https://www.keil.com/pack/Keil.STM32F4xx_DFP.3.1.1.pack
                Keil.STM32F4xx_DFP.3.1.1
                STMicroelectronics STM32F4 Series Device Support

<h2>Collection of Component include folders:</h2>

<h2>Collection of Component Files used:</h2>
Build Time Elapsed:  00:00:01
</pre>
</body>
</html>
